[2025-03-18T04:00:06.955+0000] {taskinstance.py:1157} INFO - Dependencies all met for dep_context=non-requeueable deps ti=<TaskInstance: gcs_to_bigquery.create_bq_table scheduled__2025-03-17T00:00:00+00:00 [queued]>
[2025-03-18T04:00:06.966+0000] {taskinstance.py:1157} INFO - Dependencies all met for dep_context=requeueable deps ti=<TaskInstance: gcs_to_bigquery.create_bq_table scheduled__2025-03-17T00:00:00+00:00 [queued]>
[2025-03-18T04:00:06.966+0000] {taskinstance.py:1359} INFO - Starting attempt 1 of 2
[2025-03-18T04:00:06.983+0000] {taskinstance.py:1380} INFO - Executing <Task(BigQueryCreateEmptyTableOperator): create_bq_table> on 2025-03-17 00:00:00+00:00
[2025-03-18T04:00:06.988+0000] {standard_task_runner.py:57} INFO - Started process 202 to run task
[2025-03-18T04:00:06.999+0000] {standard_task_runner.py:84} INFO - Running: ['airflow', 'tasks', 'run', 'gcs_to_bigquery', 'create_bq_table', 'scheduled__2025-03-17T00:00:00+00:00', '--job-id', '2', '--raw', '--subdir', 'DAGS_FOLDER/gcs_bigquery.py', '--cfg-path', '/tmp/tmpa6kgp36u']
[2025-03-18T04:00:07.002+0000] {standard_task_runner.py:85} INFO - Job 2: Subtask create_bq_table
[2025-03-18T04:00:07.315+0000] {task_command.py:415} INFO - Running <TaskInstance: gcs_to_bigquery.create_bq_table scheduled__2025-03-17T00:00:00+00:00 [running]> on host 705cf3a88d4b
[2025-03-18T04:00:07.511+0000] {taskinstance.py:1660} INFO - Exporting env vars: AIRFLOW_CTX_DAG_OWNER='airflow' AIRFLOW_CTX_DAG_ID='gcs_to_bigquery' AIRFLOW_CTX_TASK_ID='create_bq_table' AIRFLOW_CTX_EXECUTION_DATE='2025-03-17T00:00:00+00:00' AIRFLOW_CTX_TRY_NUMBER='1' AIRFLOW_CTX_DAG_RUN_ID='scheduled__2025-03-17T00:00:00+00:00'
[2025-03-18T04:00:07.542+0000] {connection.py:232} WARNING - Connection schemes (type: google_cloud_platform) shall not contain '_' according to RFC3986.
[2025-03-18T04:00:07.543+0000] {base.py:73} INFO - Using connection ID 'google_cloud_default' for task execution.
[2025-03-18T04:00:07.544+0000] {bigquery.py:1404} INFO - Creating table
[2025-03-18T04:00:07.546+0000] {credentials_provider.py:354} INFO - Getting connection using `google.auth.default()` since no explicit credentials are provided.
[2025-03-18T04:00:07.973+0000] {taskinstance.py:1935} ERROR - Task failed with exception
Traceback (most recent call last):
  File "/home/airflow/.local/lib/python3.11/site-packages/airflow/providers/google/cloud/operators/bigquery.py", line 1405, in execute
    table = bq_hook.create_empty_table(
            ^^^^^^^^^^^^^^^^^^^^^^^^^^^
  File "/home/airflow/.local/lib/python3.11/site-packages/airflow/providers/google/common/hooks/base_google.py", line 475, in inner_wrapper
    return func(self, *args, **kwargs)
           ^^^^^^^^^^^^^^^^^^^^^^^^^^^
  File "/home/airflow/.local/lib/python3.11/site-packages/airflow/providers/google/cloud/hooks/bigquery.py", line 419, in create_empty_table
    return self.get_client(project_id=project_id, location=location).create_table(
           ^^^^^^^^^^^^^^^^^^^^^^^^^^^^^^^^^^^^^^^^^^^^^^^^^^^^^^^^^^^^^^^^^^^^^^^
  File "/home/airflow/.local/lib/python3.11/site-packages/google/cloud/bigquery/client.py", line 782, in create_table
    api_response = self._call_api(
                   ^^^^^^^^^^^^^^^
  File "/home/airflow/.local/lib/python3.11/site-packages/google/cloud/bigquery/client.py", line 816, in _call_api
    return call()
           ^^^^^^
  File "/home/airflow/.local/lib/python3.11/site-packages/google/api_core/retry.py", line 349, in retry_wrapped_func
    return retry_target(
           ^^^^^^^^^^^^^
  File "/home/airflow/.local/lib/python3.11/site-packages/google/api_core/retry.py", line 191, in retry_target
    return target()
           ^^^^^^^^
  File "/home/airflow/.local/lib/python3.11/site-packages/google/cloud/_http/__init__.py", line 494, in api_request
    raise exceptions.from_http_response(response)
google.api_core.exceptions.BadRequest: 400 POST https://bigquery.googleapis.com/bigquery/v2/projects/your_project_id/datasets/fake_ecommerce_data/tables?prettyPrint=false: Invalid resource name projects/your_project_id; Project id: your_project_id
[2025-03-18T04:00:08.018+0000] {taskinstance.py:1398} INFO - Marking task as UP_FOR_RETRY. dag_id=gcs_to_bigquery, task_id=create_bq_table, execution_date=20250317T000000, start_date=20250318T040006, end_date=20250318T040008
[2025-03-18T04:00:08.062+0000] {standard_task_runner.py:104} ERROR - Failed to execute job 2 for task create_bq_table (400 POST https://bigquery.googleapis.com/bigquery/v2/projects/your_project_id/datasets/fake_ecommerce_data/tables?prettyPrint=false: Invalid resource name projects/your_project_id; Project id: your_project_id; 202)
[2025-03-18T04:00:08.099+0000] {local_task_job_runner.py:228} INFO - Task exited with return code 1
[2025-03-18T04:00:08.131+0000] {taskinstance.py:2776} INFO - 0 downstream tasks scheduled from follow-on schedule check
[2025-03-18T04:02:42.148+0000] {taskinstance.py:1157} INFO - Dependencies all met for dep_context=non-requeueable deps ti=<TaskInstance: gcs_to_bigquery.create_bq_table scheduled__2025-03-17T00:00:00+00:00 [queued]>
[2025-03-18T04:02:42.158+0000] {taskinstance.py:1157} INFO - Dependencies all met for dep_context=requeueable deps ti=<TaskInstance: gcs_to_bigquery.create_bq_table scheduled__2025-03-17T00:00:00+00:00 [queued]>
[2025-03-18T04:02:42.158+0000] {taskinstance.py:1359} INFO - Starting attempt 1 of 2
[2025-03-18T04:02:42.174+0000] {taskinstance.py:1380} INFO - Executing <Task(BigQueryCreateEmptyTableOperator): create_bq_table> on 2025-03-17 00:00:00+00:00
[2025-03-18T04:02:42.183+0000] {standard_task_runner.py:57} INFO - Started process 243 to run task
[2025-03-18T04:02:42.197+0000] {standard_task_runner.py:84} INFO - Running: ['airflow', 'tasks', 'run', 'gcs_to_bigquery', 'create_bq_table', 'scheduled__2025-03-17T00:00:00+00:00', '--job-id', '5', '--raw', '--subdir', 'DAGS_FOLDER/gcs_bigquery.py', '--cfg-path', '/tmp/tmp4v8k4ows']
[2025-03-18T04:02:42.241+0000] {standard_task_runner.py:85} INFO - Job 5: Subtask create_bq_table
[2025-03-18T04:02:42.459+0000] {task_command.py:415} INFO - Running <TaskInstance: gcs_to_bigquery.create_bq_table scheduled__2025-03-17T00:00:00+00:00 [running]> on host 705cf3a88d4b
[2025-03-18T04:02:42.766+0000] {taskinstance.py:1660} INFO - Exporting env vars: AIRFLOW_CTX_DAG_OWNER='airflow' AIRFLOW_CTX_DAG_ID='gcs_to_bigquery' AIRFLOW_CTX_TASK_ID='create_bq_table' AIRFLOW_CTX_EXECUTION_DATE='2025-03-17T00:00:00+00:00' AIRFLOW_CTX_TRY_NUMBER='1' AIRFLOW_CTX_DAG_RUN_ID='scheduled__2025-03-17T00:00:00+00:00'
[2025-03-18T04:02:42.782+0000] {connection.py:232} WARNING - Connection schemes (type: google_cloud_platform) shall not contain '_' according to RFC3986.
[2025-03-18T04:02:42.783+0000] {base.py:73} INFO - Using connection ID 'google_cloud_default' for task execution.
[2025-03-18T04:02:42.783+0000] {bigquery.py:1404} INFO - Creating table
[2025-03-18T04:02:42.786+0000] {credentials_provider.py:354} INFO - Getting connection using `google.auth.default()` since no explicit credentials are provided.
[2025-03-18T04:02:43.311+0000] {bigquery.py:1432} INFO - Table fake_ecommerce_data.grocery_products already exists.
[2025-03-18T04:02:43.351+0000] {taskinstance.py:1398} INFO - Marking task as SUCCESS. dag_id=gcs_to_bigquery, task_id=create_bq_table, execution_date=20250317T000000, start_date=20250318T040242, end_date=20250318T040243
[2025-03-18T04:02:43.405+0000] {local_task_job_runner.py:228} INFO - Task exited with return code 0
[2025-03-18T04:02:43.429+0000] {taskinstance.py:2776} INFO - 1 downstream tasks scheduled from follow-on schedule check
