[2025-03-18T03:58:19.138+0000] {manager.py:487} INFO - Processing files using up to 2 processes at a time 
[2025-03-18T03:58:19.138+0000] {manager.py:488} INFO - Process each file at most once every 30 seconds
[2025-03-18T03:58:19.138+0000] {manager.py:489} INFO - Checking for new files in /opt/airflow/dags every 300 seconds
[2025-03-18T03:58:19.139+0000] {manager.py:759} INFO - Searching for files in /opt/airflow/dags
[2025-03-18T03:58:19.140+0000] {manager.py:762} INFO - There are 1 files in /opt/airflow/dags
[2025-03-18T03:58:19.890+0000] {manager.py:893} INFO - 
================================================================================
DAG File Processing Stats

File Path                            PID  Runtime      # DAGs    # Errors  Last Runtime    Last Run
---------------------------------  -----  ---------  --------  ----------  --------------  ----------
/opt/airflow/dags/gcs_bigquery.py    177  0.02s             0           0
================================================================================
[2025-03-18T03:58:51.539+0000] {manager.py:893} INFO - 
================================================================================
DAG File Processing Stats

File Path                          PID    Runtime      # DAGs    # Errors  Last Runtime    Last Run
---------------------------------  -----  ---------  --------  ----------  --------------  -------------------
/opt/airflow/dags/gcs_bigquery.py                           1           0  0.16s           2025-03-18T03:58:50
================================================================================
[2025-03-18T03:59:23.159+0000] {manager.py:893} INFO - 
================================================================================
DAG File Processing Stats

File Path                          PID    Runtime      # DAGs    # Errors  Last Runtime    Last Run
---------------------------------  -----  ---------  --------  ----------  --------------  -------------------
/opt/airflow/dags/gcs_bigquery.py                           1           0  0.12s           2025-03-18T03:59:21
================================================================================
[2025-03-18T03:59:55.023+0000] {manager.py:893} INFO - 
================================================================================
DAG File Processing Stats

File Path                          PID    Runtime      # DAGs    # Errors  Last Runtime    Last Run
---------------------------------  -----  ---------  --------  ----------  --------------  -------------------
/opt/airflow/dags/gcs_bigquery.py                           1           0  1.41s           2025-03-18T03:59:53
================================================================================
[2025-03-18T04:00:26.548+0000] {manager.py:893} INFO - 
================================================================================
DAG File Processing Stats

File Path                          PID    Runtime      # DAGs    # Errors  Last Runtime    Last Run
---------------------------------  -----  ---------  --------  ----------  --------------  -------------------
/opt/airflow/dags/gcs_bigquery.py                           1           0  0.11s           2025-03-18T04:00:23
================================================================================
[2025-03-18T04:00:58.350+0000] {manager.py:893} INFO - 
================================================================================
DAG File Processing Stats

File Path                          PID    Runtime      # DAGs    # Errors  Last Runtime    Last Run
---------------------------------  -----  ---------  --------  ----------  --------------  -------------------
/opt/airflow/dags/gcs_bigquery.py                           1           0  0.13s           2025-03-18T04:00:54
================================================================================
[2025-03-18T04:01:29.935+0000] {manager.py:893} INFO - 
================================================================================
DAG File Processing Stats

File Path                          PID    Runtime      # DAGs    # Errors  Last Runtime    Last Run
---------------------------------  -----  ---------  --------  ----------  --------------  -------------------
/opt/airflow/dags/gcs_bigquery.py                           1           0  0.16s           2025-03-18T04:01:25
================================================================================
[2025-03-18T04:02:01.600+0000] {manager.py:893} INFO - 
================================================================================
DAG File Processing Stats

File Path                          PID    Runtime      # DAGs    # Errors  Last Runtime    Last Run
---------------------------------  -----  ---------  --------  ----------  --------------  -------------------
/opt/airflow/dags/gcs_bigquery.py                           1           0  0.12s           2025-03-18T04:01:55
================================================================================
[2025-03-18T04:02:33.269+0000] {manager.py:893} INFO - 
================================================================================
DAG File Processing Stats

File Path                          PID    Runtime      # DAGs    # Errors  Last Runtime    Last Run
---------------------------------  -----  ---------  --------  ----------  --------------  -------------------
/opt/airflow/dags/gcs_bigquery.py                           1           0  0.32s           2025-03-18T04:02:32
================================================================================
[2025-03-18T04:03:05.025+0000] {manager.py:893} INFO - 
================================================================================
DAG File Processing Stats

File Path                          PID    Runtime      # DAGs    # Errors  Last Runtime    Last Run
---------------------------------  -----  ---------  --------  ----------  --------------  -------------------
/opt/airflow/dags/gcs_bigquery.py                           1           0  0.30s           2025-03-18T04:03:03
================================================================================
[2025-03-18T04:03:19.163+0000] {manager.py:759} INFO - Searching for files in /opt/airflow/dags
[2025-03-18T04:03:19.167+0000] {manager.py:762} INFO - There are 1 files in /opt/airflow/dags
[2025-03-18T04:03:36.655+0000] {manager.py:893} INFO - 
================================================================================
DAG File Processing Stats

File Path                          PID    Runtime      # DAGs    # Errors  Last Runtime    Last Run
---------------------------------  -----  ---------  --------  ----------  --------------  -------------------
/opt/airflow/dags/gcs_bigquery.py                           1           0  0.12s           2025-03-18T04:03:33
================================================================================
[2025-03-18T04:04:08.249+0000] {manager.py:893} INFO - 
================================================================================
DAG File Processing Stats

File Path                          PID    Runtime      # DAGs    # Errors  Last Runtime    Last Run
---------------------------------  -----  ---------  --------  ----------  --------------  -------------------
/opt/airflow/dags/gcs_bigquery.py                           1           0  0.15s           2025-03-18T04:04:04
================================================================================
[2025-03-18T04:04:39.918+0000] {manager.py:893} INFO - 
================================================================================
DAG File Processing Stats

File Path                          PID    Runtime      # DAGs    # Errors  Last Runtime    Last Run
---------------------------------  -----  ---------  --------  ----------  --------------  -------------------
/opt/airflow/dags/gcs_bigquery.py                           1           0  0.17s           2025-03-18T04:04:35
================================================================================
[2025-03-18T04:05:11.501+0000] {manager.py:893} INFO - 
================================================================================
DAG File Processing Stats

File Path                          PID    Runtime      # DAGs    # Errors  Last Runtime    Last Run
---------------------------------  -----  ---------  --------  ----------  --------------  -------------------
/opt/airflow/dags/gcs_bigquery.py                           1           0  0.23s           2025-03-18T04:05:06
================================================================================
[2025-03-18T04:05:43.074+0000] {manager.py:893} INFO - 
================================================================================
DAG File Processing Stats

File Path                          PID    Runtime      # DAGs    # Errors  Last Runtime    Last Run
---------------------------------  -----  ---------  --------  ----------  --------------  -------------------
/opt/airflow/dags/gcs_bigquery.py                           1           0  0.12s           2025-03-18T04:05:36
================================================================================
[2025-03-18T04:06:13.332+0000] {manager.py:893} INFO - 
================================================================================
DAG File Processing Stats

File Path                          PID    Runtime      # DAGs    # Errors  Last Runtime    Last Run
---------------------------------  -----  ---------  --------  ----------  --------------  -------------------
/opt/airflow/dags/gcs_bigquery.py                           1           0  0.50s           2025-03-18T04:06:07
================================================================================
[2025-03-18T04:06:44.909+0000] {manager.py:893} INFO - 
================================================================================
DAG File Processing Stats

File Path                          PID    Runtime      # DAGs    # Errors  Last Runtime    Last Run
---------------------------------  -----  ---------  --------  ----------  --------------  -------------------
/opt/airflow/dags/gcs_bigquery.py                           1           0  0.12s           2025-03-18T04:06:37
================================================================================
[2025-03-18T04:07:16.577+0000] {manager.py:893} INFO - 
================================================================================
DAG File Processing Stats

File Path                          PID    Runtime      # DAGs    # Errors  Last Runtime    Last Run
---------------------------------  -----  ---------  --------  ----------  --------------  -------------------
/opt/airflow/dags/gcs_bigquery.py                           1           0  0.12s           2025-03-18T04:07:08
================================================================================
[2025-03-18T04:07:48.147+0000] {manager.py:893} INFO - 
================================================================================
DAG File Processing Stats

File Path                          PID    Runtime      # DAGs    # Errors  Last Runtime    Last Run
---------------------------------  -----  ---------  --------  ----------  --------------  -------------------
/opt/airflow/dags/gcs_bigquery.py                           1           0  0.13s           2025-03-18T04:07:39
================================================================================
[2025-03-18T04:08:20.032+0000] {manager.py:759} INFO - Searching for files in /opt/airflow/dags
[2025-03-18T04:08:20.034+0000] {manager.py:762} INFO - There are 1 files in /opt/airflow/dags
[2025-03-18T04:08:20.048+0000] {manager.py:893} INFO - 
================================================================================
DAG File Processing Stats

File Path                          PID    Runtime      # DAGs    # Errors  Last Runtime    Last Run
---------------------------------  -----  ---------  --------  ----------  --------------  -------------------
/opt/airflow/dags/gcs_bigquery.py                           1           0  0.13s           2025-03-18T04:08:10
================================================================================
[2025-03-18T04:08:51.362+0000] {manager.py:893} INFO - 
================================================================================
DAG File Processing Stats

File Path                          PID    Runtime      # DAGs    # Errors  Last Runtime    Last Run
---------------------------------  -----  ---------  --------  ----------  --------------  -------------------
/opt/airflow/dags/gcs_bigquery.py                           1           0  0.11s           2025-03-18T04:08:40
================================================================================
[2025-03-18T04:09:23.044+0000] {manager.py:893} INFO - 
================================================================================
DAG File Processing Stats

File Path                          PID    Runtime      # DAGs    # Errors  Last Runtime    Last Run
---------------------------------  -----  ---------  --------  ----------  --------------  -------------------
/opt/airflow/dags/gcs_bigquery.py                           1           0  0.10s           2025-03-18T04:09:00
================================================================================
[2025-03-18T04:09:54.698+0000] {manager.py:893} INFO - 
================================================================================
DAG File Processing Stats

File Path                          PID    Runtime      # DAGs    # Errors  Last Runtime    Last Run
---------------------------------  -----  ---------  --------  ----------  --------------  -------------------
/opt/airflow/dags/gcs_bigquery.py                           1           0  0.10s           2025-03-18T04:09:31
================================================================================
[2025-03-18T04:10:26.281+0000] {manager.py:893} INFO - 
================================================================================
DAG File Processing Stats

File Path                          PID    Runtime      # DAGs    # Errors  Last Runtime    Last Run
---------------------------------  -----  ---------  --------  ----------  --------------  -------------------
/opt/airflow/dags/gcs_bigquery.py                           1           0  0.11s           2025-03-18T04:10:01
================================================================================
[2025-03-18T04:10:57.915+0000] {manager.py:893} INFO - 
================================================================================
DAG File Processing Stats

File Path                          PID    Runtime      # DAGs    # Errors  Last Runtime    Last Run
---------------------------------  -----  ---------  --------  ----------  --------------  -------------------
/opt/airflow/dags/gcs_bigquery.py                           1           0  0.14s           2025-03-18T04:10:32
================================================================================
[2025-03-18T04:11:29.530+0000] {manager.py:893} INFO - 
================================================================================
DAG File Processing Stats

File Path                          PID    Runtime      # DAGs    # Errors  Last Runtime    Last Run
---------------------------------  -----  ---------  --------  ----------  --------------  -------------------
/opt/airflow/dags/gcs_bigquery.py                           1           0  0.19s           2025-03-18T04:11:03
================================================================================
[2025-03-18T04:12:01.120+0000] {manager.py:893} INFO - 
================================================================================
DAG File Processing Stats

File Path                          PID    Runtime      # DAGs    # Errors  Last Runtime    Last Run
---------------------------------  -----  ---------  --------  ----------  --------------  -------------------
/opt/airflow/dags/gcs_bigquery.py                           1           0  0.11s           2025-03-18T04:11:33
================================================================================
[2025-03-18T04:12:32.771+0000] {manager.py:893} INFO - 
================================================================================
DAG File Processing Stats

File Path                          PID    Runtime      # DAGs    # Errors  Last Runtime    Last Run
---------------------------------  -----  ---------  --------  ----------  --------------  -------------------
/opt/airflow/dags/gcs_bigquery.py                           1           0  0.11s           2025-03-18T04:12:04
================================================================================
[2025-03-18T04:13:04.380+0000] {manager.py:893} INFO - 
================================================================================
DAG File Processing Stats

File Path                          PID    Runtime      # DAGs    # Errors  Last Runtime    Last Run
---------------------------------  -----  ---------  --------  ----------  --------------  -------------------
/opt/airflow/dags/gcs_bigquery.py                           1           0  0.26s           2025-03-18T04:12:35
================================================================================
[2025-03-18T04:13:20.703+0000] {manager.py:759} INFO - Searching for files in /opt/airflow/dags
[2025-03-18T04:13:20.705+0000] {manager.py:762} INFO - There are 1 files in /opt/airflow/dags
[2025-03-18T04:13:36.261+0000] {manager.py:893} INFO - 
================================================================================
DAG File Processing Stats

File Path                            PID  Runtime      # DAGs    # Errors  Last Runtime    Last Run
---------------------------------  -----  ---------  --------  ----------  --------------  -------------------
/opt/airflow/dags/gcs_bigquery.py    377  0.00s             1           0  0.27s           2025-03-18T04:13:05
================================================================================
[2025-03-18T04:14:07.854+0000] {manager.py:893} INFO - 
================================================================================
DAG File Processing Stats

File Path                            PID  Runtime      # DAGs    # Errors  Last Runtime    Last Run
---------------------------------  -----  ---------  --------  ----------  --------------  -------------------
/opt/airflow/dags/gcs_bigquery.py    382  0.00s             1           0  0.11s           2025-03-18T04:13:36
================================================================================
[2025-03-18T04:14:38.120+0000] {manager.py:893} INFO - 
================================================================================
DAG File Processing Stats

File Path                            PID  Runtime      # DAGs    # Errors  Last Runtime    Last Run
---------------------------------  -----  ---------  --------  ----------  --------------  -------------------
/opt/airflow/dags/gcs_bigquery.py    387  0.00s             1           0  0.11s           2025-03-18T04:14:07
================================================================================
[2025-03-18T04:15:09.763+0000] {manager.py:893} INFO - 
================================================================================
DAG File Processing Stats

File Path                          PID    Runtime      # DAGs    # Errors  Last Runtime    Last Run
---------------------------------  -----  ---------  --------  ----------  --------------  -------------------
/opt/airflow/dags/gcs_bigquery.py                           1           0  0.11s           2025-03-18T04:15:08
================================================================================
[2025-03-18T04:15:41.362+0000] {manager.py:893} INFO - 
================================================================================
DAG File Processing Stats

File Path                          PID    Runtime      # DAGs    # Errors  Last Runtime    Last Run
---------------------------------  -----  ---------  --------  ----------  --------------  -------------------
/opt/airflow/dags/gcs_bigquery.py                           1           0  0.27s           2025-03-18T04:15:39
================================================================================
[2025-03-18T04:16:12.882+0000] {manager.py:893} INFO - 
================================================================================
DAG File Processing Stats

File Path                          PID    Runtime      # DAGs    # Errors  Last Runtime    Last Run
---------------------------------  -----  ---------  --------  ----------  --------------  -------------------
/opt/airflow/dags/gcs_bigquery.py                           1           0  0.10s           2025-03-18T04:16:09
================================================================================
[2025-03-18T04:16:44.477+0000] {manager.py:893} INFO - 
================================================================================
DAG File Processing Stats

File Path                          PID    Runtime      # DAGs    # Errors  Last Runtime    Last Run
---------------------------------  -----  ---------  --------  ----------  --------------  -------------------
/opt/airflow/dags/gcs_bigquery.py                           1           0  0.10s           2025-03-18T04:16:40
================================================================================
[2025-03-18T04:17:16.099+0000] {manager.py:893} INFO - 
================================================================================
DAG File Processing Stats

File Path                          PID    Runtime      # DAGs    # Errors  Last Runtime    Last Run
---------------------------------  -----  ---------  --------  ----------  --------------  -------------------
/opt/airflow/dags/gcs_bigquery.py                           1           0  0.11s           2025-03-18T04:17:11
================================================================================
[2025-03-18T04:17:47.721+0000] {manager.py:893} INFO - 
================================================================================
DAG File Processing Stats

File Path                          PID    Runtime      # DAGs    # Errors  Last Runtime    Last Run
---------------------------------  -----  ---------  --------  ----------  --------------  -------------------
/opt/airflow/dags/gcs_bigquery.py                           1           0  0.14s           2025-03-18T04:17:41
================================================================================
[2025-03-18T04:18:19.380+0000] {manager.py:893} INFO - 
================================================================================
DAG File Processing Stats

File Path                          PID    Runtime      # DAGs    # Errors  Last Runtime    Last Run
---------------------------------  -----  ---------  --------  ----------  --------------  -------------------
/opt/airflow/dags/gcs_bigquery.py                           1           0  0.11s           2025-03-18T04:18:12
================================================================================
[2025-03-18T04:18:21.387+0000] {manager.py:759} INFO - Searching for files in /opt/airflow/dags
[2025-03-18T04:18:21.388+0000] {manager.py:762} INFO - There are 1 files in /opt/airflow/dags
[2025-03-18T04:18:51.068+0000] {manager.py:893} INFO - 
================================================================================
DAG File Processing Stats

File Path                          PID    Runtime      # DAGs    # Errors  Last Runtime    Last Run
---------------------------------  -----  ---------  --------  ----------  --------------  -------------------
/opt/airflow/dags/gcs_bigquery.py                           1           0  0.24s           2025-03-18T04:18:43
================================================================================
[2025-03-18T04:19:22.760+0000] {manager.py:893} INFO - 
================================================================================
DAG File Processing Stats

File Path                          PID    Runtime      # DAGs    # Errors  Last Runtime    Last Run
---------------------------------  -----  ---------  --------  ----------  --------------  -------------------
/opt/airflow/dags/gcs_bigquery.py                           1           0  0.10s           2025-03-18T04:19:13
================================================================================
[2025-03-18T04:19:54.467+0000] {manager.py:893} INFO - 
================================================================================
DAG File Processing Stats

File Path                          PID    Runtime      # DAGs    # Errors  Last Runtime    Last Run
---------------------------------  -----  ---------  --------  ----------  --------------  -------------------
/opt/airflow/dags/gcs_bigquery.py                           1           0  0.14s           2025-03-18T04:19:44
================================================================================
[2025-03-18T04:20:26.128+0000] {manager.py:893} INFO - 
================================================================================
DAG File Processing Stats

File Path                          PID    Runtime      # DAGs    # Errors  Last Runtime    Last Run
---------------------------------  -----  ---------  --------  ----------  --------------  -------------------
/opt/airflow/dags/gcs_bigquery.py                           1           0  0.11s           2025-03-18T04:20:14
================================================================================
[2025-03-18T04:20:57.783+0000] {manager.py:893} INFO - 
================================================================================
DAG File Processing Stats

File Path                          PID    Runtime      # DAGs    # Errors  Last Runtime    Last Run
---------------------------------  -----  ---------  --------  ----------  --------------  -------------------
/opt/airflow/dags/gcs_bigquery.py                           1           0  0.12s           2025-03-18T04:20:45
================================================================================
[2025-03-18T04:21:29.400+0000] {manager.py:893} INFO - 
================================================================================
DAG File Processing Stats

File Path                          PID    Runtime      # DAGs    # Errors  Last Runtime    Last Run
---------------------------------  -----  ---------  --------  ----------  --------------  -------------------
/opt/airflow/dags/gcs_bigquery.py                           1           0  0.11s           2025-03-18T04:21:16
================================================================================
[2025-03-18T04:22:00.994+0000] {manager.py:893} INFO - 
================================================================================
DAG File Processing Stats

File Path                          PID    Runtime      # DAGs    # Errors  Last Runtime    Last Run
---------------------------------  -----  ---------  --------  ----------  --------------  -------------------
/opt/airflow/dags/gcs_bigquery.py                           1           0  0.24s           2025-03-18T04:21:46
================================================================================
[2025-03-18T04:22:32.532+0000] {manager.py:893} INFO - 
================================================================================
DAG File Processing Stats

File Path                          PID    Runtime      # DAGs    # Errors  Last Runtime    Last Run
---------------------------------  -----  ---------  --------  ----------  --------------  -------------------
/opt/airflow/dags/gcs_bigquery.py                           1           0  0.11s           2025-03-18T04:22:17
================================================================================
[2025-03-18T04:23:02.789+0000] {manager.py:893} INFO - 
================================================================================
DAG File Processing Stats

File Path                          PID    Runtime      # DAGs    # Errors  Last Runtime    Last Run
---------------------------------  -----  ---------  --------  ----------  --------------  -------------------
/opt/airflow/dags/gcs_bigquery.py                           1           0  0.10s           2025-03-18T04:22:47
================================================================================
[2025-03-18T04:23:21.432+0000] {manager.py:759} INFO - Searching for files in /opt/airflow/dags
[2025-03-18T04:23:21.434+0000] {manager.py:762} INFO - There are 1 files in /opt/airflow/dags
[2025-03-18T04:23:34.398+0000] {manager.py:893} INFO - 
================================================================================
DAG File Processing Stats

File Path                          PID    Runtime      # DAGs    # Errors  Last Runtime    Last Run
---------------------------------  -----  ---------  --------  ----------  --------------  -------------------
/opt/airflow/dags/gcs_bigquery.py                           1           0  0.12s           2025-03-18T04:23:18
================================================================================
