[2025-03-18T04:02:45.390+0000] {taskinstance.py:1157} INFO - Dependencies all met for dep_context=non-requeueable deps ti=<TaskInstance: gcs_to_bigquery.load_gcs_to_bq scheduled__2025-03-17T00:00:00+00:00 [queued]>
[2025-03-18T04:02:45.400+0000] {taskinstance.py:1157} INFO - Dependencies all met for dep_context=requeueable deps ti=<TaskInstance: gcs_to_bigquery.load_gcs_to_bq scheduled__2025-03-17T00:00:00+00:00 [queued]>
[2025-03-18T04:02:45.400+0000] {taskinstance.py:1359} INFO - Starting attempt 1 of 2
[2025-03-18T04:02:45.415+0000] {taskinstance.py:1380} INFO - Executing <Task(GCSToBigQueryOperator): load_gcs_to_bq> on 2025-03-17 00:00:00+00:00
[2025-03-18T04:02:45.421+0000] {standard_task_runner.py:57} INFO - Started process 249 to run task
[2025-03-18T04:02:45.425+0000] {standard_task_runner.py:84} INFO - Running: ['airflow', 'tasks', 'run', 'gcs_to_bigquery', 'load_gcs_to_bq', 'scheduled__2025-03-17T00:00:00+00:00', '--job-id', '7', '--raw', '--subdir', 'DAGS_FOLDER/gcs_bigquery.py', '--cfg-path', '/tmp/tmpk9m_6sxo']
[2025-03-18T04:02:45.429+0000] {standard_task_runner.py:85} INFO - Job 7: Subtask load_gcs_to_bq
[2025-03-18T04:02:45.493+0000] {task_command.py:415} INFO - Running <TaskInstance: gcs_to_bigquery.load_gcs_to_bq scheduled__2025-03-17T00:00:00+00:00 [running]> on host 705cf3a88d4b
[2025-03-18T04:02:45.591+0000] {taskinstance.py:1660} INFO - Exporting env vars: AIRFLOW_CTX_DAG_OWNER='airflow' AIRFLOW_CTX_DAG_ID='gcs_to_bigquery' AIRFLOW_CTX_TASK_ID='load_gcs_to_bq' AIRFLOW_CTX_EXECUTION_DATE='2025-03-17T00:00:00+00:00' AIRFLOW_CTX_TRY_NUMBER='1' AIRFLOW_CTX_DAG_RUN_ID='scheduled__2025-03-17T00:00:00+00:00'
[2025-03-18T04:02:45.604+0000] {connection.py:232} WARNING - Connection schemes (type: google_cloud_platform) shall not contain '_' according to RFC3986.
[2025-03-18T04:02:45.604+0000] {base.py:73} INFO - Using connection ID 'google_cloud_default' for task execution.
[2025-03-18T04:02:45.605+0000] {gcs_to_bigquery.py:373} INFO - Using existing BigQuery table for storing data...
[2025-03-18T04:02:45.605+0000] {credentials_provider.py:354} INFO - Getting connection using `google.auth.default()` since no explicit credentials are provided.
[2025-03-18T04:02:45.653+0000] {gcs_to_bigquery.py:377} INFO - Executing: {'load': {'autodetect': True, 'createDisposition': 'CREATE_IF_NEEDED', 'destinationTable': {'projectId': 'taxi-data-447320', 'datasetId': 'fake_ecommerce_data', 'tableId': 'grocery_products'}, 'sourceFormat': 'CSV', 'sourceUris': ['gs://fake-ecommerce-taxi-data-447320/grocery_products_output/part-*.csv'], 'writeDisposition': 'WRITE_TRUNCATE', 'ignoreUnknownValues': False, 'schema': {'fields': [{'name': 'Product ID', 'type': 'STRING', 'mode': 'NULLABLE'}, {'name': 'Product', 'type': 'STRING', 'mode': 'NULLABLE'}, {'name': 'Quantity', 'type': 'INTEGER', 'mode': 'NULLABLE'}]}, 'skipLeadingRows': None, 'fieldDelimiter': ',', 'quote': None, 'allowQuotedNewlines': False, 'encoding': 'UTF-8'}}
[2025-03-18T04:02:45.654+0000] {bigquery.py:1604} INFO - Inserting job airflow_gcs_to_bigquery_load_gcs_to_bq_2025_03_17T00_00_00_00_00_e065bfe3bc5ae6dd24b8d3347f696c4d
[2025-03-18T04:02:46.873+0000] {taskinstance.py:1935} ERROR - Task failed with exception
Traceback (most recent call last):
  File "/home/airflow/.local/lib/python3.11/site-packages/airflow/providers/google/cloud/transfers/gcs_to_bigquery.py", line 436, in execute
    job.result(timeout=self.result_timeout, retry=self.result_retry)
  File "/home/airflow/.local/lib/python3.11/site-packages/google/cloud/bigquery/job/base.py", line 922, in result
    return super(_AsyncJob, self).result(timeout=timeout, **kwargs)
           ^^^^^^^^^^^^^^^^^^^^^^^^^^^^^^^^^^^^^^^^^^^^^^^^^^^^^^^^
  File "/home/airflow/.local/lib/python3.11/site-packages/google/api_core/future/polling.py", line 261, in result
    raise self._exception
google.api_core.exceptions.NotFound: 404 Not found: Uris gs://fake-ecommerce-taxi-data-447320/grocery_products_output/part-*.csv
[2025-03-18T04:02:46.889+0000] {taskinstance.py:1398} INFO - Marking task as UP_FOR_RETRY. dag_id=gcs_to_bigquery, task_id=load_gcs_to_bq, execution_date=20250317T000000, start_date=20250318T040245, end_date=20250318T040246
[2025-03-18T04:02:46.906+0000] {standard_task_runner.py:104} ERROR - Failed to execute job 7 for task load_gcs_to_bq (404 Not found: Uris gs://fake-ecommerce-taxi-data-447320/grocery_products_output/part-*.csv; 249)
[2025-03-18T04:02:46.923+0000] {local_task_job_runner.py:228} INFO - Task exited with return code 1
[2025-03-18T04:02:46.946+0000] {taskinstance.py:2776} INFO - 0 downstream tasks scheduled from follow-on schedule check
