[2025-03-18T03:58:19.881+0000] {processor.py:157} INFO - Started process (PID=177) to work on /opt/airflow/dags/gcs_bigquery.py
[2025-03-18T03:58:19.881+0000] {processor.py:829} INFO - Processing file /opt/airflow/dags/gcs_bigquery.py for tasks to queue
[2025-03-18T03:58:19.884+0000] {logging_mixin.py:151} INFO - [2025-03-18T03:58:19.884+0000] {dagbag.py:539} INFO - Filling up the DagBag from /opt/airflow/dags/gcs_bigquery.py
[2025-03-18T03:58:19.900+0000] {processor.py:839} INFO - DAG(s) dict_keys(['gcs_to_bigquery']) retrieved from /opt/airflow/dags/gcs_bigquery.py
[2025-03-18T03:58:19.919+0000] {logging_mixin.py:151} INFO - [2025-03-18T03:58:19.919+0000] {dag.py:2915} INFO - Sync 1 DAGs
[2025-03-18T03:58:19.948+0000] {logging_mixin.py:151} INFO - [2025-03-18T03:58:19.947+0000] {dag.py:3696} INFO - Setting next_dagrun for gcs_to_bigquery to 2025-03-17T00:00:00+00:00, run_after=2025-03-18T00:00:00+00:00
[2025-03-18T03:58:19.978+0000] {processor.py:179} INFO - Processing /opt/airflow/dags/gcs_bigquery.py took 0.099 seconds
[2025-03-18T03:58:50.473+0000] {processor.py:157} INFO - Started process (PID=182) to work on /opt/airflow/dags/gcs_bigquery.py
[2025-03-18T03:58:50.473+0000] {processor.py:829} INFO - Processing file /opt/airflow/dags/gcs_bigquery.py for tasks to queue
[2025-03-18T03:58:50.480+0000] {logging_mixin.py:151} INFO - [2025-03-18T03:58:50.479+0000] {dagbag.py:539} INFO - Filling up the DagBag from /opt/airflow/dags/gcs_bigquery.py
[2025-03-18T03:58:50.504+0000] {processor.py:839} INFO - DAG(s) dict_keys(['gcs_to_bigquery']) retrieved from /opt/airflow/dags/gcs_bigquery.py
[2025-03-18T03:58:50.548+0000] {logging_mixin.py:151} INFO - [2025-03-18T03:58:50.547+0000] {dag.py:2915} INFO - Sync 1 DAGs
[2025-03-18T03:58:50.572+0000] {logging_mixin.py:151} INFO - [2025-03-18T03:58:50.572+0000] {dag.py:3696} INFO - Setting next_dagrun for gcs_to_bigquery to 2025-03-17T00:00:00+00:00, run_after=2025-03-18T00:00:00+00:00
[2025-03-18T03:58:50.600+0000] {processor.py:179} INFO - Processing /opt/airflow/dags/gcs_bigquery.py took 0.132 seconds
[2025-03-18T03:59:21.111+0000] {processor.py:157} INFO - Started process (PID=187) to work on /opt/airflow/dags/gcs_bigquery.py
[2025-03-18T03:59:21.113+0000] {processor.py:829} INFO - Processing file /opt/airflow/dags/gcs_bigquery.py for tasks to queue
[2025-03-18T03:59:21.115+0000] {logging_mixin.py:151} INFO - [2025-03-18T03:59:21.115+0000] {dagbag.py:539} INFO - Filling up the DagBag from /opt/airflow/dags/gcs_bigquery.py
[2025-03-18T03:59:21.130+0000] {processor.py:839} INFO - DAG(s) dict_keys(['gcs_to_bigquery']) retrieved from /opt/airflow/dags/gcs_bigquery.py
[2025-03-18T03:59:21.159+0000] {logging_mixin.py:151} INFO - [2025-03-18T03:59:21.159+0000] {dag.py:2915} INFO - Sync 1 DAGs
[2025-03-18T03:59:21.180+0000] {logging_mixin.py:151} INFO - [2025-03-18T03:59:21.180+0000] {dag.py:3696} INFO - Setting next_dagrun for gcs_to_bigquery to 2025-03-17T00:00:00+00:00, run_after=2025-03-18T00:00:00+00:00
[2025-03-18T03:59:21.204+0000] {processor.py:179} INFO - Processing /opt/airflow/dags/gcs_bigquery.py took 0.096 seconds
[2025-03-18T03:59:51.695+0000] {processor.py:157} INFO - Started process (PID=192) to work on /opt/airflow/dags/gcs_bigquery.py
[2025-03-18T03:59:51.696+0000] {processor.py:829} INFO - Processing file /opt/airflow/dags/gcs_bigquery.py for tasks to queue
[2025-03-18T03:59:51.719+0000] {logging_mixin.py:151} INFO - [2025-03-18T03:59:51.718+0000] {dagbag.py:539} INFO - Filling up the DagBag from /opt/airflow/dags/gcs_bigquery.py
[2025-03-18T03:59:51.758+0000] {processor.py:839} INFO - DAG(s) dict_keys(['gcs_to_bigquery']) retrieved from /opt/airflow/dags/gcs_bigquery.py
[2025-03-18T03:59:51.809+0000] {logging_mixin.py:151} INFO - [2025-03-18T03:59:51.807+0000] {dag.py:2915} INFO - Sync 1 DAGs
[2025-03-18T03:59:51.896+0000] {logging_mixin.py:151} INFO - [2025-03-18T03:59:51.896+0000] {dag.py:3696} INFO - Setting next_dagrun for gcs_to_bigquery to 2025-03-17T00:00:00+00:00, run_after=2025-03-18T00:00:00+00:00
[2025-03-18T03:59:53.041+0000] {processor.py:179} INFO - Processing /opt/airflow/dags/gcs_bigquery.py took 1.364 seconds
[2025-03-18T04:00:23.534+0000] {processor.py:157} INFO - Started process (PID=203) to work on /opt/airflow/dags/gcs_bigquery.py
[2025-03-18T04:00:23.536+0000] {processor.py:829} INFO - Processing file /opt/airflow/dags/gcs_bigquery.py for tasks to queue
[2025-03-18T04:00:23.538+0000] {logging_mixin.py:151} INFO - [2025-03-18T04:00:23.538+0000] {dagbag.py:539} INFO - Filling up the DagBag from /opt/airflow/dags/gcs_bigquery.py
[2025-03-18T04:00:23.550+0000] {processor.py:839} INFO - DAG(s) dict_keys(['gcs_to_bigquery']) retrieved from /opt/airflow/dags/gcs_bigquery.py
[2025-03-18T04:00:23.576+0000] {logging_mixin.py:151} INFO - [2025-03-18T04:00:23.576+0000] {dag.py:2915} INFO - Sync 1 DAGs
[2025-03-18T04:00:23.595+0000] {logging_mixin.py:151} INFO - [2025-03-18T04:00:23.595+0000] {dag.py:3696} INFO - Setting next_dagrun for gcs_to_bigquery to 2025-03-18T00:00:00+00:00, run_after=2025-03-19T00:00:00+00:00
[2025-03-18T04:00:23.618+0000] {processor.py:179} INFO - Processing /opt/airflow/dags/gcs_bigquery.py took 0.088 seconds
[2025-03-18T04:00:54.277+0000] {processor.py:157} INFO - Started process (PID=208) to work on /opt/airflow/dags/gcs_bigquery.py
[2025-03-18T04:00:54.278+0000] {processor.py:829} INFO - Processing file /opt/airflow/dags/gcs_bigquery.py for tasks to queue
[2025-03-18T04:00:54.280+0000] {logging_mixin.py:151} INFO - [2025-03-18T04:00:54.280+0000] {dagbag.py:539} INFO - Filling up the DagBag from /opt/airflow/dags/gcs_bigquery.py
[2025-03-18T04:00:54.296+0000] {processor.py:839} INFO - DAG(s) dict_keys(['gcs_to_bigquery']) retrieved from /opt/airflow/dags/gcs_bigquery.py
[2025-03-18T04:00:54.333+0000] {logging_mixin.py:151} INFO - [2025-03-18T04:00:54.332+0000] {dag.py:2915} INFO - Sync 1 DAGs
[2025-03-18T04:00:54.355+0000] {logging_mixin.py:151} INFO - [2025-03-18T04:00:54.355+0000] {dag.py:3696} INFO - Setting next_dagrun for gcs_to_bigquery to 2025-03-18T00:00:00+00:00, run_after=2025-03-19T00:00:00+00:00
[2025-03-18T04:00:54.378+0000] {processor.py:179} INFO - Processing /opt/airflow/dags/gcs_bigquery.py took 0.106 seconds
[2025-03-18T04:01:24.893+0000] {processor.py:157} INFO - Started process (PID=213) to work on /opt/airflow/dags/gcs_bigquery.py
[2025-03-18T04:01:24.895+0000] {processor.py:829} INFO - Processing file /opt/airflow/dags/gcs_bigquery.py for tasks to queue
[2025-03-18T04:01:24.900+0000] {logging_mixin.py:151} INFO - [2025-03-18T04:01:24.900+0000] {dagbag.py:539} INFO - Filling up the DagBag from /opt/airflow/dags/gcs_bigquery.py
[2025-03-18T04:01:24.923+0000] {processor.py:839} INFO - DAG(s) dict_keys(['gcs_to_bigquery']) retrieved from /opt/airflow/dags/gcs_bigquery.py
[2025-03-18T04:01:24.963+0000] {logging_mixin.py:151} INFO - [2025-03-18T04:01:24.962+0000] {dag.py:2915} INFO - Sync 1 DAGs
[2025-03-18T04:01:24.995+0000] {logging_mixin.py:151} INFO - [2025-03-18T04:01:24.995+0000] {dag.py:3696} INFO - Setting next_dagrun for gcs_to_bigquery to 2025-03-18T00:00:00+00:00, run_after=2025-03-19T00:00:00+00:00
[2025-03-18T04:01:25.016+0000] {processor.py:179} INFO - Processing /opt/airflow/dags/gcs_bigquery.py took 0.126 seconds
[2025-03-18T04:01:55.490+0000] {processor.py:157} INFO - Started process (PID=218) to work on /opt/airflow/dags/gcs_bigquery.py
[2025-03-18T04:01:55.490+0000] {processor.py:829} INFO - Processing file /opt/airflow/dags/gcs_bigquery.py for tasks to queue
[2025-03-18T04:01:55.493+0000] {logging_mixin.py:151} INFO - [2025-03-18T04:01:55.493+0000] {dagbag.py:539} INFO - Filling up the DagBag from /opt/airflow/dags/gcs_bigquery.py
[2025-03-18T04:01:55.507+0000] {processor.py:839} INFO - DAG(s) dict_keys(['gcs_to_bigquery']) retrieved from /opt/airflow/dags/gcs_bigquery.py
[2025-03-18T04:01:55.542+0000] {logging_mixin.py:151} INFO - [2025-03-18T04:01:55.541+0000] {dag.py:2915} INFO - Sync 1 DAGs
[2025-03-18T04:01:55.561+0000] {logging_mixin.py:151} INFO - [2025-03-18T04:01:55.561+0000] {dag.py:3696} INFO - Setting next_dagrun for gcs_to_bigquery to 2025-03-18T00:00:00+00:00, run_after=2025-03-19T00:00:00+00:00
[2025-03-18T04:01:55.584+0000] {processor.py:179} INFO - Processing /opt/airflow/dags/gcs_bigquery.py took 0.097 seconds
[2025-03-18T04:02:08.653+0000] {processor.py:157} INFO - Started process (PID=223) to work on /opt/airflow/dags/gcs_bigquery.py
[2025-03-18T04:02:08.655+0000] {processor.py:829} INFO - Processing file /opt/airflow/dags/gcs_bigquery.py for tasks to queue
[2025-03-18T04:02:08.658+0000] {logging_mixin.py:151} INFO - [2025-03-18T04:02:08.658+0000] {dagbag.py:539} INFO - Filling up the DagBag from /opt/airflow/dags/gcs_bigquery.py
[2025-03-18T04:02:08.677+0000] {processor.py:839} INFO - DAG(s) dict_keys(['gcs_to_bigquery']) retrieved from /opt/airflow/dags/gcs_bigquery.py
[2025-03-18T04:02:09.069+0000] {logging_mixin.py:151} INFO - [2025-03-18T04:02:09.068+0000] {security.py:708} INFO - Not syncing DAG-level permissions for DAG 'DAG:gcs_to_bigquery' as access control is unset.
[2025-03-18T04:02:09.069+0000] {logging_mixin.py:151} INFO - [2025-03-18T04:02:09.069+0000] {dag.py:2915} INFO - Sync 1 DAGs
[2025-03-18T04:02:09.088+0000] {logging_mixin.py:151} INFO - [2025-03-18T04:02:09.088+0000] {dag.py:3696} INFO - Setting next_dagrun for gcs_to_bigquery to 2025-03-18T00:00:00+00:00, run_after=2025-03-19T00:00:00+00:00
[2025-03-18T04:02:09.115+0000] {processor.py:179} INFO - Processing /opt/airflow/dags/gcs_bigquery.py took 0.465 seconds
[2025-03-18T04:02:13.694+0000] {processor.py:157} INFO - Started process (PID=228) to work on /opt/airflow/dags/gcs_bigquery.py
[2025-03-18T04:02:13.695+0000] {processor.py:829} INFO - Processing file /opt/airflow/dags/gcs_bigquery.py for tasks to queue
[2025-03-18T04:02:13.698+0000] {logging_mixin.py:151} INFO - [2025-03-18T04:02:13.697+0000] {dagbag.py:539} INFO - Filling up the DagBag from /opt/airflow/dags/gcs_bigquery.py
[2025-03-18T04:02:13.712+0000] {processor.py:839} INFO - DAG(s) dict_keys(['gcs_to_bigquery']) retrieved from /opt/airflow/dags/gcs_bigquery.py
[2025-03-18T04:02:13.730+0000] {logging_mixin.py:151} INFO - [2025-03-18T04:02:13.729+0000] {dag.py:2915} INFO - Sync 1 DAGs
[2025-03-18T04:02:13.755+0000] {logging_mixin.py:151} INFO - [2025-03-18T04:02:13.754+0000] {dag.py:3696} INFO - Setting next_dagrun for gcs_to_bigquery to 2025-03-18T00:00:00+00:00, run_after=2025-03-19T00:00:00+00:00
[2025-03-18T04:02:13.776+0000] {processor.py:179} INFO - Processing /opt/airflow/dags/gcs_bigquery.py took 0.086 seconds
[2025-03-18T04:02:32.180+0000] {processor.py:157} INFO - Started process (PID=233) to work on /opt/airflow/dags/gcs_bigquery.py
[2025-03-18T04:02:32.181+0000] {processor.py:829} INFO - Processing file /opt/airflow/dags/gcs_bigquery.py for tasks to queue
[2025-03-18T04:02:32.184+0000] {logging_mixin.py:151} INFO - [2025-03-18T04:02:32.184+0000] {dagbag.py:539} INFO - Filling up the DagBag from /opt/airflow/dags/gcs_bigquery.py
[2025-03-18T04:02:32.198+0000] {processor.py:839} INFO - DAG(s) dict_keys(['gcs_to_bigquery']) retrieved from /opt/airflow/dags/gcs_bigquery.py
[2025-03-18T04:02:32.438+0000] {logging_mixin.py:151} INFO - [2025-03-18T04:02:32.438+0000] {security.py:708} INFO - Not syncing DAG-level permissions for DAG 'DAG:gcs_to_bigquery' as access control is unset.
[2025-03-18T04:02:32.438+0000] {logging_mixin.py:151} INFO - [2025-03-18T04:02:32.438+0000] {dag.py:2915} INFO - Sync 1 DAGs
[2025-03-18T04:02:32.447+0000] {logging_mixin.py:151} INFO - [2025-03-18T04:02:32.446+0000] {dag.py:2937} INFO - Creating ORM DAG for gcs_to_bigquery
[2025-03-18T04:02:32.454+0000] {logging_mixin.py:151} INFO - [2025-03-18T04:02:32.454+0000] {dag.py:3696} INFO - Setting next_dagrun for gcs_to_bigquery to 2025-03-17T00:00:00+00:00, run_after=2025-03-18T00:00:00+00:00
[2025-03-18T04:02:32.471+0000] {processor.py:179} INFO - Processing /opt/airflow/dags/gcs_bigquery.py took 0.294 seconds
[2025-03-18T04:03:02.812+0000] {processor.py:157} INFO - Started process (PID=250) to work on /opt/airflow/dags/gcs_bigquery.py
[2025-03-18T04:03:02.813+0000] {processor.py:829} INFO - Processing file /opt/airflow/dags/gcs_bigquery.py for tasks to queue
[2025-03-18T04:03:02.816+0000] {logging_mixin.py:151} INFO - [2025-03-18T04:03:02.816+0000] {dagbag.py:539} INFO - Filling up the DagBag from /opt/airflow/dags/gcs_bigquery.py
[2025-03-18T04:03:02.834+0000] {processor.py:839} INFO - DAG(s) dict_keys(['gcs_to_bigquery']) retrieved from /opt/airflow/dags/gcs_bigquery.py
[2025-03-18T04:03:02.865+0000] {logging_mixin.py:151} INFO - [2025-03-18T04:03:02.864+0000] {dag.py:2915} INFO - Sync 1 DAGs
[2025-03-18T04:03:02.891+0000] {logging_mixin.py:151} INFO - [2025-03-18T04:03:02.890+0000] {dag.py:3696} INFO - Setting next_dagrun for gcs_to_bigquery to 2025-03-18T00:00:00+00:00, run_after=2025-03-19T00:00:00+00:00
[2025-03-18T04:03:03.080+0000] {processor.py:179} INFO - Processing /opt/airflow/dags/gcs_bigquery.py took 0.271 seconds
[2025-03-18T04:03:33.576+0000] {processor.py:157} INFO - Started process (PID=255) to work on /opt/airflow/dags/gcs_bigquery.py
[2025-03-18T04:03:33.577+0000] {processor.py:829} INFO - Processing file /opt/airflow/dags/gcs_bigquery.py for tasks to queue
[2025-03-18T04:03:33.580+0000] {logging_mixin.py:151} INFO - [2025-03-18T04:03:33.580+0000] {dagbag.py:539} INFO - Filling up the DagBag from /opt/airflow/dags/gcs_bigquery.py
[2025-03-18T04:03:33.593+0000] {processor.py:839} INFO - DAG(s) dict_keys(['gcs_to_bigquery']) retrieved from /opt/airflow/dags/gcs_bigquery.py
[2025-03-18T04:03:33.624+0000] {logging_mixin.py:151} INFO - [2025-03-18T04:03:33.624+0000] {dag.py:2915} INFO - Sync 1 DAGs
[2025-03-18T04:03:33.644+0000] {logging_mixin.py:151} INFO - [2025-03-18T04:03:33.644+0000] {dag.py:3696} INFO - Setting next_dagrun for gcs_to_bigquery to 2025-03-18T00:00:00+00:00, run_after=2025-03-19T00:00:00+00:00
[2025-03-18T04:03:33.668+0000] {processor.py:179} INFO - Processing /opt/airflow/dags/gcs_bigquery.py took 0.095 seconds
[2025-03-18T04:04:04.215+0000] {processor.py:157} INFO - Started process (PID=260) to work on /opt/airflow/dags/gcs_bigquery.py
[2025-03-18T04:04:04.217+0000] {processor.py:829} INFO - Processing file /opt/airflow/dags/gcs_bigquery.py for tasks to queue
[2025-03-18T04:04:04.219+0000] {logging_mixin.py:151} INFO - [2025-03-18T04:04:04.219+0000] {dagbag.py:539} INFO - Filling up the DagBag from /opt/airflow/dags/gcs_bigquery.py
[2025-03-18T04:04:04.235+0000] {processor.py:839} INFO - DAG(s) dict_keys(['gcs_to_bigquery']) retrieved from /opt/airflow/dags/gcs_bigquery.py
[2025-03-18T04:04:04.265+0000] {logging_mixin.py:151} INFO - [2025-03-18T04:04:04.265+0000] {dag.py:2915} INFO - Sync 1 DAGs
[2025-03-18T04:04:04.296+0000] {logging_mixin.py:151} INFO - [2025-03-18T04:04:04.295+0000] {dag.py:3696} INFO - Setting next_dagrun for gcs_to_bigquery to 2025-03-18T00:00:00+00:00, run_after=2025-03-19T00:00:00+00:00
[2025-03-18T04:04:04.340+0000] {processor.py:179} INFO - Processing /opt/airflow/dags/gcs_bigquery.py took 0.129 seconds
[2025-03-18T04:04:35.802+0000] {processor.py:157} INFO - Started process (PID=265) to work on /opt/airflow/dags/gcs_bigquery.py
[2025-03-18T04:04:35.803+0000] {processor.py:829} INFO - Processing file /opt/airflow/dags/gcs_bigquery.py for tasks to queue
[2025-03-18T04:04:35.806+0000] {logging_mixin.py:151} INFO - [2025-03-18T04:04:35.806+0000] {dagbag.py:539} INFO - Filling up the DagBag from /opt/airflow/dags/gcs_bigquery.py
[2025-03-18T04:04:35.825+0000] {processor.py:839} INFO - DAG(s) dict_keys(['gcs_to_bigquery']) retrieved from /opt/airflow/dags/gcs_bigquery.py
[2025-03-18T04:04:35.860+0000] {logging_mixin.py:151} INFO - [2025-03-18T04:04:35.859+0000] {dag.py:2915} INFO - Sync 1 DAGs
[2025-03-18T04:04:35.915+0000] {logging_mixin.py:151} INFO - [2025-03-18T04:04:35.914+0000] {dag.py:3696} INFO - Setting next_dagrun for gcs_to_bigquery to 2025-03-18T00:00:00+00:00, run_after=2025-03-19T00:00:00+00:00
[2025-03-18T04:04:35.942+0000] {processor.py:179} INFO - Processing /opt/airflow/dags/gcs_bigquery.py took 0.143 seconds
[2025-03-18T04:05:06.078+0000] {processor.py:157} INFO - Started process (PID=270) to work on /opt/airflow/dags/gcs_bigquery.py
[2025-03-18T04:05:06.079+0000] {processor.py:829} INFO - Processing file /opt/airflow/dags/gcs_bigquery.py for tasks to queue
[2025-03-18T04:05:06.082+0000] {logging_mixin.py:151} INFO - [2025-03-18T04:05:06.081+0000] {dagbag.py:539} INFO - Filling up the DagBag from /opt/airflow/dags/gcs_bigquery.py
[2025-03-18T04:05:06.099+0000] {processor.py:839} INFO - DAG(s) dict_keys(['gcs_to_bigquery']) retrieved from /opt/airflow/dags/gcs_bigquery.py
[2025-03-18T04:05:06.164+0000] {logging_mixin.py:151} INFO - [2025-03-18T04:05:06.163+0000] {dag.py:2915} INFO - Sync 1 DAGs
[2025-03-18T04:05:06.191+0000] {logging_mixin.py:151} INFO - [2025-03-18T04:05:06.191+0000] {dag.py:3696} INFO - Setting next_dagrun for gcs_to_bigquery to 2025-03-18T00:00:00+00:00, run_after=2025-03-19T00:00:00+00:00
[2025-03-18T04:05:06.276+0000] {processor.py:179} INFO - Processing /opt/airflow/dags/gcs_bigquery.py took 0.202 seconds
[2025-03-18T04:05:36.665+0000] {processor.py:157} INFO - Started process (PID=275) to work on /opt/airflow/dags/gcs_bigquery.py
[2025-03-18T04:05:36.666+0000] {processor.py:829} INFO - Processing file /opt/airflow/dags/gcs_bigquery.py for tasks to queue
[2025-03-18T04:05:36.668+0000] {logging_mixin.py:151} INFO - [2025-03-18T04:05:36.668+0000] {dagbag.py:539} INFO - Filling up the DagBag from /opt/airflow/dags/gcs_bigquery.py
[2025-03-18T04:05:36.680+0000] {processor.py:839} INFO - DAG(s) dict_keys(['gcs_to_bigquery']) retrieved from /opt/airflow/dags/gcs_bigquery.py
[2025-03-18T04:05:36.719+0000] {logging_mixin.py:151} INFO - [2025-03-18T04:05:36.719+0000] {dag.py:2915} INFO - Sync 1 DAGs
[2025-03-18T04:05:36.744+0000] {logging_mixin.py:151} INFO - [2025-03-18T04:05:36.744+0000] {dag.py:3696} INFO - Setting next_dagrun for gcs_to_bigquery to 2025-03-18T00:00:00+00:00, run_after=2025-03-19T00:00:00+00:00
[2025-03-18T04:05:36.765+0000] {processor.py:179} INFO - Processing /opt/airflow/dags/gcs_bigquery.py took 0.103 seconds
[2025-03-18T04:06:07.237+0000] {processor.py:157} INFO - Started process (PID=280) to work on /opt/airflow/dags/gcs_bigquery.py
[2025-03-18T04:06:07.238+0000] {processor.py:829} INFO - Processing file /opt/airflow/dags/gcs_bigquery.py for tasks to queue
[2025-03-18T04:06:07.241+0000] {logging_mixin.py:151} INFO - [2025-03-18T04:06:07.241+0000] {dagbag.py:539} INFO - Filling up the DagBag from /opt/airflow/dags/gcs_bigquery.py
[2025-03-18T04:06:07.262+0000] {processor.py:839} INFO - DAG(s) dict_keys(['gcs_to_bigquery']) retrieved from /opt/airflow/dags/gcs_bigquery.py
[2025-03-18T04:06:07.374+0000] {logging_mixin.py:151} INFO - [2025-03-18T04:06:07.373+0000] {dag.py:2915} INFO - Sync 1 DAGs
[2025-03-18T04:06:07.469+0000] {logging_mixin.py:151} INFO - [2025-03-18T04:06:07.468+0000] {dag.py:3696} INFO - Setting next_dagrun for gcs_to_bigquery to 2025-03-18T00:00:00+00:00, run_after=2025-03-19T00:00:00+00:00
[2025-03-18T04:06:07.691+0000] {processor.py:179} INFO - Processing /opt/airflow/dags/gcs_bigquery.py took 0.459 seconds
[2025-03-18T04:06:37.883+0000] {processor.py:157} INFO - Started process (PID=285) to work on /opt/airflow/dags/gcs_bigquery.py
[2025-03-18T04:06:37.884+0000] {processor.py:829} INFO - Processing file /opt/airflow/dags/gcs_bigquery.py for tasks to queue
[2025-03-18T04:06:37.886+0000] {logging_mixin.py:151} INFO - [2025-03-18T04:06:37.886+0000] {dagbag.py:539} INFO - Filling up the DagBag from /opt/airflow/dags/gcs_bigquery.py
[2025-03-18T04:06:37.901+0000] {processor.py:839} INFO - DAG(s) dict_keys(['gcs_to_bigquery']) retrieved from /opt/airflow/dags/gcs_bigquery.py
[2025-03-18T04:06:37.932+0000] {logging_mixin.py:151} INFO - [2025-03-18T04:06:37.931+0000] {dag.py:2915} INFO - Sync 1 DAGs
[2025-03-18T04:06:37.956+0000] {logging_mixin.py:151} INFO - [2025-03-18T04:06:37.956+0000] {dag.py:3696} INFO - Setting next_dagrun for gcs_to_bigquery to 2025-03-18T00:00:00+00:00, run_after=2025-03-19T00:00:00+00:00
[2025-03-18T04:06:37.979+0000] {processor.py:179} INFO - Processing /opt/airflow/dags/gcs_bigquery.py took 0.099 seconds
[2025-03-18T04:07:08.443+0000] {processor.py:157} INFO - Started process (PID=290) to work on /opt/airflow/dags/gcs_bigquery.py
[2025-03-18T04:07:08.446+0000] {processor.py:829} INFO - Processing file /opt/airflow/dags/gcs_bigquery.py for tasks to queue
[2025-03-18T04:07:08.449+0000] {logging_mixin.py:151} INFO - [2025-03-18T04:07:08.449+0000] {dagbag.py:539} INFO - Filling up the DagBag from /opt/airflow/dags/gcs_bigquery.py
[2025-03-18T04:07:08.461+0000] {processor.py:839} INFO - DAG(s) dict_keys(['gcs_to_bigquery']) retrieved from /opt/airflow/dags/gcs_bigquery.py
[2025-03-18T04:07:08.492+0000] {logging_mixin.py:151} INFO - [2025-03-18T04:07:08.491+0000] {dag.py:2915} INFO - Sync 1 DAGs
[2025-03-18T04:07:08.514+0000] {logging_mixin.py:151} INFO - [2025-03-18T04:07:08.513+0000] {dag.py:3696} INFO - Setting next_dagrun for gcs_to_bigquery to 2025-03-18T00:00:00+00:00, run_after=2025-03-19T00:00:00+00:00
[2025-03-18T04:07:08.536+0000] {processor.py:179} INFO - Processing /opt/airflow/dags/gcs_bigquery.py took 0.095 seconds
[2025-03-18T04:07:39.101+0000] {processor.py:157} INFO - Started process (PID=295) to work on /opt/airflow/dags/gcs_bigquery.py
[2025-03-18T04:07:39.102+0000] {processor.py:829} INFO - Processing file /opt/airflow/dags/gcs_bigquery.py for tasks to queue
[2025-03-18T04:07:39.104+0000] {logging_mixin.py:151} INFO - [2025-03-18T04:07:39.104+0000] {dagbag.py:539} INFO - Filling up the DagBag from /opt/airflow/dags/gcs_bigquery.py
[2025-03-18T04:07:39.119+0000] {processor.py:839} INFO - DAG(s) dict_keys(['gcs_to_bigquery']) retrieved from /opt/airflow/dags/gcs_bigquery.py
[2025-03-18T04:07:39.151+0000] {logging_mixin.py:151} INFO - [2025-03-18T04:07:39.150+0000] {dag.py:2915} INFO - Sync 1 DAGs
[2025-03-18T04:07:39.173+0000] {logging_mixin.py:151} INFO - [2025-03-18T04:07:39.172+0000] {dag.py:3696} INFO - Setting next_dagrun for gcs_to_bigquery to 2025-03-18T00:00:00+00:00, run_after=2025-03-19T00:00:00+00:00
[2025-03-18T04:07:39.201+0000] {processor.py:179} INFO - Processing /opt/airflow/dags/gcs_bigquery.py took 0.104 seconds
[2025-03-18T04:08:09.902+0000] {processor.py:157} INFO - Started process (PID=306) to work on /opt/airflow/dags/gcs_bigquery.py
[2025-03-18T04:08:09.903+0000] {processor.py:829} INFO - Processing file /opt/airflow/dags/gcs_bigquery.py for tasks to queue
[2025-03-18T04:08:09.905+0000] {logging_mixin.py:151} INFO - [2025-03-18T04:08:09.905+0000] {dagbag.py:539} INFO - Filling up the DagBag from /opt/airflow/dags/gcs_bigquery.py
[2025-03-18T04:08:09.922+0000] {processor.py:839} INFO - DAG(s) dict_keys(['gcs_to_bigquery']) retrieved from /opt/airflow/dags/gcs_bigquery.py
[2025-03-18T04:08:09.956+0000] {logging_mixin.py:151} INFO - [2025-03-18T04:08:09.955+0000] {dag.py:2915} INFO - Sync 1 DAGs
[2025-03-18T04:08:09.985+0000] {logging_mixin.py:151} INFO - [2025-03-18T04:08:09.985+0000] {dag.py:3696} INFO - Setting next_dagrun for gcs_to_bigquery to 2025-03-18T00:00:00+00:00, run_after=2025-03-19T00:00:00+00:00
[2025-03-18T04:08:10.007+0000] {processor.py:179} INFO - Processing /opt/airflow/dags/gcs_bigquery.py took 0.108 seconds
[2025-03-18T04:08:40.303+0000] {processor.py:157} INFO - Started process (PID=311) to work on /opt/airflow/dags/gcs_bigquery.py
[2025-03-18T04:08:40.303+0000] {processor.py:829} INFO - Processing file /opt/airflow/dags/gcs_bigquery.py for tasks to queue
[2025-03-18T04:08:40.305+0000] {logging_mixin.py:151} INFO - [2025-03-18T04:08:40.305+0000] {dagbag.py:539} INFO - Filling up the DagBag from /opt/airflow/dags/gcs_bigquery.py
[2025-03-18T04:08:40.317+0000] {processor.py:839} INFO - DAG(s) dict_keys(['gcs_to_bigquery']) retrieved from /opt/airflow/dags/gcs_bigquery.py
[2025-03-18T04:08:40.348+0000] {logging_mixin.py:151} INFO - [2025-03-18T04:08:40.347+0000] {dag.py:2915} INFO - Sync 1 DAGs
[2025-03-18T04:08:40.366+0000] {logging_mixin.py:151} INFO - [2025-03-18T04:08:40.366+0000] {dag.py:3696} INFO - Setting next_dagrun for gcs_to_bigquery to 2025-03-18T00:00:00+00:00, run_after=2025-03-19T00:00:00+00:00
[2025-03-18T04:08:40.388+0000] {processor.py:179} INFO - Processing /opt/airflow/dags/gcs_bigquery.py took 0.088 seconds
[2025-03-18T04:08:57.417+0000] {processor.py:157} INFO - Started process (PID=316) to work on /opt/airflow/dags/gcs_bigquery.py
[2025-03-18T04:08:57.418+0000] {processor.py:829} INFO - Processing file /opt/airflow/dags/gcs_bigquery.py for tasks to queue
[2025-03-18T04:08:57.420+0000] {logging_mixin.py:151} INFO - [2025-03-18T04:08:57.420+0000] {dagbag.py:539} INFO - Filling up the DagBag from /opt/airflow/dags/gcs_bigquery.py
[2025-03-18T04:08:57.424+0000] {logging_mixin.py:151} INFO - [2025-03-18T04:08:57.422+0000] {dagbag.py:347} ERROR - Failed to import: /opt/airflow/dags/gcs_bigquery.py
Traceback (most recent call last):
  File "/home/airflow/.local/lib/python3.11/site-packages/airflow/models/dagbag.py", line 343, in parse
    loader.exec_module(new_module)
  File "<frozen importlib._bootstrap_external>", line 936, in exec_module
  File "<frozen importlib._bootstrap_external>", line 1074, in get_code
  File "<frozen importlib._bootstrap_external>", line 1004, in source_to_code
  File "<frozen importlib._bootstrap>", line 241, in _call_with_frames_removed
  File "/opt/airflow/dags/gcs_bigquery.py", line 39
    source_objects=['grocery_products_output/part-9000b709-342e-4148-b4bf-6f10ed6fbc7d-task-0-file-0'],,  # Path to the product CSV file
                                                                                                       ^
SyntaxError: invalid syntax
[2025-03-18T04:08:57.425+0000] {processor.py:841} WARNING - No viable dags retrieved from /opt/airflow/dags/gcs_bigquery.py
[2025-03-18T04:08:57.453+0000] {processor.py:179} INFO - Processing /opt/airflow/dags/gcs_bigquery.py took 0.039 seconds
[2025-03-18T04:08:59.431+0000] {processor.py:157} INFO - Started process (PID=321) to work on /opt/airflow/dags/gcs_bigquery.py
[2025-03-18T04:08:59.432+0000] {processor.py:829} INFO - Processing file /opt/airflow/dags/gcs_bigquery.py for tasks to queue
[2025-03-18T04:08:59.434+0000] {logging_mixin.py:151} INFO - [2025-03-18T04:08:59.434+0000] {dagbag.py:539} INFO - Filling up the DagBag from /opt/airflow/dags/gcs_bigquery.py
[2025-03-18T04:08:59.450+0000] {processor.py:839} INFO - DAG(s) dict_keys(['gcs_to_bigquery']) retrieved from /opt/airflow/dags/gcs_bigquery.py
[2025-03-18T04:08:59.704+0000] {logging_mixin.py:151} INFO - [2025-03-18T04:08:59.704+0000] {security.py:708} INFO - Not syncing DAG-level permissions for DAG 'DAG:gcs_to_bigquery' as access control is unset.
[2025-03-18T04:08:59.705+0000] {logging_mixin.py:151} INFO - [2025-03-18T04:08:59.704+0000] {dag.py:2915} INFO - Sync 1 DAGs
[2025-03-18T04:08:59.724+0000] {logging_mixin.py:151} INFO - [2025-03-18T04:08:59.724+0000] {dag.py:3696} INFO - Setting next_dagrun for gcs_to_bigquery to 2025-03-18T00:00:00+00:00, run_after=2025-03-19T00:00:00+00:00
[2025-03-18T04:08:59.746+0000] {processor.py:179} INFO - Processing /opt/airflow/dags/gcs_bigquery.py took 0.318 seconds
[2025-03-18T04:09:00.496+0000] {processor.py:157} INFO - Started process (PID=326) to work on /opt/airflow/dags/gcs_bigquery.py
[2025-03-18T04:09:00.496+0000] {processor.py:829} INFO - Processing file /opt/airflow/dags/gcs_bigquery.py for tasks to queue
[2025-03-18T04:09:00.499+0000] {logging_mixin.py:151} INFO - [2025-03-18T04:09:00.499+0000] {dagbag.py:539} INFO - Filling up the DagBag from /opt/airflow/dags/gcs_bigquery.py
[2025-03-18T04:09:00.513+0000] {processor.py:839} INFO - DAG(s) dict_keys(['gcs_to_bigquery']) retrieved from /opt/airflow/dags/gcs_bigquery.py
[2025-03-18T04:09:00.529+0000] {logging_mixin.py:151} INFO - [2025-03-18T04:09:00.529+0000] {dag.py:2915} INFO - Sync 1 DAGs
[2025-03-18T04:09:00.553+0000] {logging_mixin.py:151} INFO - [2025-03-18T04:09:00.553+0000] {dag.py:3696} INFO - Setting next_dagrun for gcs_to_bigquery to 2025-03-18T00:00:00+00:00, run_after=2025-03-19T00:00:00+00:00
[2025-03-18T04:09:00.572+0000] {processor.py:179} INFO - Processing /opt/airflow/dags/gcs_bigquery.py took 0.079 seconds
[2025-03-18T04:09:31.108+0000] {processor.py:157} INFO - Started process (PID=331) to work on /opt/airflow/dags/gcs_bigquery.py
[2025-03-18T04:09:31.108+0000] {processor.py:829} INFO - Processing file /opt/airflow/dags/gcs_bigquery.py for tasks to queue
[2025-03-18T04:09:31.110+0000] {logging_mixin.py:151} INFO - [2025-03-18T04:09:31.110+0000] {dagbag.py:539} INFO - Filling up the DagBag from /opt/airflow/dags/gcs_bigquery.py
[2025-03-18T04:09:31.122+0000] {processor.py:839} INFO - DAG(s) dict_keys(['gcs_to_bigquery']) retrieved from /opt/airflow/dags/gcs_bigquery.py
[2025-03-18T04:09:31.148+0000] {logging_mixin.py:151} INFO - [2025-03-18T04:09:31.148+0000] {dag.py:2915} INFO - Sync 1 DAGs
[2025-03-18T04:09:31.166+0000] {logging_mixin.py:151} INFO - [2025-03-18T04:09:31.166+0000] {dag.py:3696} INFO - Setting next_dagrun for gcs_to_bigquery to 2025-03-18T00:00:00+00:00, run_after=2025-03-19T00:00:00+00:00
[2025-03-18T04:09:31.183+0000] {processor.py:179} INFO - Processing /opt/airflow/dags/gcs_bigquery.py took 0.079 seconds
[2025-03-18T04:10:01.760+0000] {processor.py:157} INFO - Started process (PID=342) to work on /opt/airflow/dags/gcs_bigquery.py
[2025-03-18T04:10:01.761+0000] {processor.py:829} INFO - Processing file /opt/airflow/dags/gcs_bigquery.py for tasks to queue
[2025-03-18T04:10:01.764+0000] {logging_mixin.py:151} INFO - [2025-03-18T04:10:01.763+0000] {dagbag.py:539} INFO - Filling up the DagBag from /opt/airflow/dags/gcs_bigquery.py
[2025-03-18T04:10:01.778+0000] {processor.py:839} INFO - DAG(s) dict_keys(['gcs_to_bigquery']) retrieved from /opt/airflow/dags/gcs_bigquery.py
[2025-03-18T04:10:01.805+0000] {logging_mixin.py:151} INFO - [2025-03-18T04:10:01.804+0000] {dag.py:2915} INFO - Sync 1 DAGs
[2025-03-18T04:10:01.824+0000] {logging_mixin.py:151} INFO - [2025-03-18T04:10:01.824+0000] {dag.py:3696} INFO - Setting next_dagrun for gcs_to_bigquery to 2025-03-18T00:00:00+00:00, run_after=2025-03-19T00:00:00+00:00
[2025-03-18T04:10:01.847+0000] {processor.py:179} INFO - Processing /opt/airflow/dags/gcs_bigquery.py took 0.091 seconds
[2025-03-18T04:10:32.332+0000] {processor.py:157} INFO - Started process (PID=347) to work on /opt/airflow/dags/gcs_bigquery.py
[2025-03-18T04:10:32.334+0000] {processor.py:829} INFO - Processing file /opt/airflow/dags/gcs_bigquery.py for tasks to queue
[2025-03-18T04:10:32.337+0000] {logging_mixin.py:151} INFO - [2025-03-18T04:10:32.337+0000] {dagbag.py:539} INFO - Filling up the DagBag from /opt/airflow/dags/gcs_bigquery.py
[2025-03-18T04:10:32.356+0000] {processor.py:839} INFO - DAG(s) dict_keys(['gcs_to_bigquery']) retrieved from /opt/airflow/dags/gcs_bigquery.py
[2025-03-18T04:10:32.392+0000] {logging_mixin.py:151} INFO - [2025-03-18T04:10:32.392+0000] {dag.py:2915} INFO - Sync 1 DAGs
[2025-03-18T04:10:32.421+0000] {logging_mixin.py:151} INFO - [2025-03-18T04:10:32.421+0000] {dag.py:3696} INFO - Setting next_dagrun for gcs_to_bigquery to 2025-03-18T00:00:00+00:00, run_after=2025-03-19T00:00:00+00:00
[2025-03-18T04:10:32.448+0000] {processor.py:179} INFO - Processing /opt/airflow/dags/gcs_bigquery.py took 0.120 seconds
[2025-03-18T04:11:02.960+0000] {processor.py:157} INFO - Started process (PID=352) to work on /opt/airflow/dags/gcs_bigquery.py
[2025-03-18T04:11:02.962+0000] {processor.py:829} INFO - Processing file /opt/airflow/dags/gcs_bigquery.py for tasks to queue
[2025-03-18T04:11:02.964+0000] {logging_mixin.py:151} INFO - [2025-03-18T04:11:02.964+0000] {dagbag.py:539} INFO - Filling up the DagBag from /opt/airflow/dags/gcs_bigquery.py
[2025-03-18T04:11:02.977+0000] {processor.py:839} INFO - DAG(s) dict_keys(['gcs_to_bigquery']) retrieved from /opt/airflow/dags/gcs_bigquery.py
[2025-03-18T04:11:03.026+0000] {logging_mixin.py:151} INFO - [2025-03-18T04:11:03.025+0000] {dag.py:2915} INFO - Sync 1 DAGs
[2025-03-18T04:11:03.082+0000] {logging_mixin.py:151} INFO - [2025-03-18T04:11:03.081+0000] {dag.py:3696} INFO - Setting next_dagrun for gcs_to_bigquery to 2025-03-18T00:00:00+00:00, run_after=2025-03-19T00:00:00+00:00
[2025-03-18T04:11:03.127+0000] {processor.py:179} INFO - Processing /opt/airflow/dags/gcs_bigquery.py took 0.170 seconds
[2025-03-18T04:11:33.568+0000] {processor.py:157} INFO - Started process (PID=357) to work on /opt/airflow/dags/gcs_bigquery.py
[2025-03-18T04:11:33.569+0000] {processor.py:829} INFO - Processing file /opt/airflow/dags/gcs_bigquery.py for tasks to queue
[2025-03-18T04:11:33.572+0000] {logging_mixin.py:151} INFO - [2025-03-18T04:11:33.572+0000] {dagbag.py:539} INFO - Filling up the DagBag from /opt/airflow/dags/gcs_bigquery.py
[2025-03-18T04:11:33.587+0000] {processor.py:839} INFO - DAG(s) dict_keys(['gcs_to_bigquery']) retrieved from /opt/airflow/dags/gcs_bigquery.py
[2025-03-18T04:11:33.610+0000] {logging_mixin.py:151} INFO - [2025-03-18T04:11:33.609+0000] {dag.py:2915} INFO - Sync 1 DAGs
[2025-03-18T04:11:33.629+0000] {logging_mixin.py:151} INFO - [2025-03-18T04:11:33.629+0000] {dag.py:3696} INFO - Setting next_dagrun for gcs_to_bigquery to 2025-03-18T00:00:00+00:00, run_after=2025-03-19T00:00:00+00:00
[2025-03-18T04:11:33.652+0000] {processor.py:179} INFO - Processing /opt/airflow/dags/gcs_bigquery.py took 0.088 seconds
[2025-03-18T04:12:04.159+0000] {processor.py:157} INFO - Started process (PID=362) to work on /opt/airflow/dags/gcs_bigquery.py
[2025-03-18T04:12:04.159+0000] {processor.py:829} INFO - Processing file /opt/airflow/dags/gcs_bigquery.py for tasks to queue
[2025-03-18T04:12:04.162+0000] {logging_mixin.py:151} INFO - [2025-03-18T04:12:04.161+0000] {dagbag.py:539} INFO - Filling up the DagBag from /opt/airflow/dags/gcs_bigquery.py
[2025-03-18T04:12:04.175+0000] {processor.py:839} INFO - DAG(s) dict_keys(['gcs_to_bigquery']) retrieved from /opt/airflow/dags/gcs_bigquery.py
[2025-03-18T04:12:04.204+0000] {logging_mixin.py:151} INFO - [2025-03-18T04:12:04.204+0000] {dag.py:2915} INFO - Sync 1 DAGs
[2025-03-18T04:12:04.224+0000] {logging_mixin.py:151} INFO - [2025-03-18T04:12:04.224+0000] {dag.py:3696} INFO - Setting next_dagrun for gcs_to_bigquery to 2025-03-18T00:00:00+00:00, run_after=2025-03-19T00:00:00+00:00
[2025-03-18T04:12:04.247+0000] {processor.py:179} INFO - Processing /opt/airflow/dags/gcs_bigquery.py took 0.092 seconds
[2025-03-18T04:12:34.802+0000] {processor.py:157} INFO - Started process (PID=367) to work on /opt/airflow/dags/gcs_bigquery.py
[2025-03-18T04:12:34.803+0000] {processor.py:829} INFO - Processing file /opt/airflow/dags/gcs_bigquery.py for tasks to queue
[2025-03-18T04:12:34.806+0000] {logging_mixin.py:151} INFO - [2025-03-18T04:12:34.805+0000] {dagbag.py:539} INFO - Filling up the DagBag from /opt/airflow/dags/gcs_bigquery.py
[2025-03-18T04:12:34.818+0000] {processor.py:839} INFO - DAG(s) dict_keys(['gcs_to_bigquery']) retrieved from /opt/airflow/dags/gcs_bigquery.py
[2025-03-18T04:12:34.848+0000] {logging_mixin.py:151} INFO - [2025-03-18T04:12:34.848+0000] {dag.py:2915} INFO - Sync 1 DAGs
[2025-03-18T04:12:35.014+0000] {logging_mixin.py:151} INFO - [2025-03-18T04:12:35.014+0000] {dag.py:3696} INFO - Setting next_dagrun for gcs_to_bigquery to 2025-03-18T00:00:00+00:00, run_after=2025-03-19T00:00:00+00:00
[2025-03-18T04:12:35.038+0000] {processor.py:179} INFO - Processing /opt/airflow/dags/gcs_bigquery.py took 0.239 seconds
[2025-03-18T04:13:05.424+0000] {processor.py:157} INFO - Started process (PID=372) to work on /opt/airflow/dags/gcs_bigquery.py
[2025-03-18T04:13:05.425+0000] {processor.py:829} INFO - Processing file /opt/airflow/dags/gcs_bigquery.py for tasks to queue
[2025-03-18T04:13:05.432+0000] {logging_mixin.py:151} INFO - [2025-03-18T04:13:05.431+0000] {dagbag.py:539} INFO - Filling up the DagBag from /opt/airflow/dags/gcs_bigquery.py
[2025-03-18T04:13:05.475+0000] {processor.py:839} INFO - DAG(s) dict_keys(['gcs_to_bigquery']) retrieved from /opt/airflow/dags/gcs_bigquery.py
[2025-03-18T04:13:05.576+0000] {logging_mixin.py:151} INFO - [2025-03-18T04:13:05.575+0000] {dag.py:2915} INFO - Sync 1 DAGs
[2025-03-18T04:13:05.619+0000] {logging_mixin.py:151} INFO - [2025-03-18T04:13:05.619+0000] {dag.py:3696} INFO - Setting next_dagrun for gcs_to_bigquery to 2025-03-18T00:00:00+00:00, run_after=2025-03-19T00:00:00+00:00
[2025-03-18T04:13:05.646+0000] {processor.py:179} INFO - Processing /opt/airflow/dags/gcs_bigquery.py took 0.230 seconds
[2025-03-18T04:13:36.271+0000] {processor.py:157} INFO - Started process (PID=377) to work on /opt/airflow/dags/gcs_bigquery.py
[2025-03-18T04:13:36.272+0000] {processor.py:829} INFO - Processing file /opt/airflow/dags/gcs_bigquery.py for tasks to queue
[2025-03-18T04:13:36.274+0000] {logging_mixin.py:151} INFO - [2025-03-18T04:13:36.274+0000] {dagbag.py:539} INFO - Filling up the DagBag from /opt/airflow/dags/gcs_bigquery.py
[2025-03-18T04:13:36.289+0000] {processor.py:839} INFO - DAG(s) dict_keys(['gcs_to_bigquery']) retrieved from /opt/airflow/dags/gcs_bigquery.py
[2025-03-18T04:13:36.316+0000] {logging_mixin.py:151} INFO - [2025-03-18T04:13:36.316+0000] {dag.py:2915} INFO - Sync 1 DAGs
[2025-03-18T04:13:36.335+0000] {logging_mixin.py:151} INFO - [2025-03-18T04:13:36.335+0000] {dag.py:3696} INFO - Setting next_dagrun for gcs_to_bigquery to 2025-03-18T00:00:00+00:00, run_after=2025-03-19T00:00:00+00:00
[2025-03-18T04:13:36.358+0000] {processor.py:179} INFO - Processing /opt/airflow/dags/gcs_bigquery.py took 0.090 seconds
[2025-03-18T04:14:07.864+0000] {processor.py:157} INFO - Started process (PID=382) to work on /opt/airflow/dags/gcs_bigquery.py
[2025-03-18T04:14:07.864+0000] {processor.py:829} INFO - Processing file /opt/airflow/dags/gcs_bigquery.py for tasks to queue
[2025-03-18T04:14:07.866+0000] {logging_mixin.py:151} INFO - [2025-03-18T04:14:07.866+0000] {dagbag.py:539} INFO - Filling up the DagBag from /opt/airflow/dags/gcs_bigquery.py
[2025-03-18T04:14:07.879+0000] {processor.py:839} INFO - DAG(s) dict_keys(['gcs_to_bigquery']) retrieved from /opt/airflow/dags/gcs_bigquery.py
[2025-03-18T04:14:07.905+0000] {logging_mixin.py:151} INFO - [2025-03-18T04:14:07.904+0000] {dag.py:2915} INFO - Sync 1 DAGs
[2025-03-18T04:14:07.923+0000] {logging_mixin.py:151} INFO - [2025-03-18T04:14:07.923+0000] {dag.py:3696} INFO - Setting next_dagrun for gcs_to_bigquery to 2025-03-18T00:00:00+00:00, run_after=2025-03-19T00:00:00+00:00
[2025-03-18T04:14:07.945+0000] {processor.py:179} INFO - Processing /opt/airflow/dags/gcs_bigquery.py took 0.083 seconds
[2025-03-18T04:14:38.128+0000] {processor.py:157} INFO - Started process (PID=387) to work on /opt/airflow/dags/gcs_bigquery.py
[2025-03-18T04:14:38.131+0000] {processor.py:829} INFO - Processing file /opt/airflow/dags/gcs_bigquery.py for tasks to queue
[2025-03-18T04:14:38.133+0000] {logging_mixin.py:151} INFO - [2025-03-18T04:14:38.133+0000] {dagbag.py:539} INFO - Filling up the DagBag from /opt/airflow/dags/gcs_bigquery.py
[2025-03-18T04:14:38.145+0000] {processor.py:839} INFO - DAG(s) dict_keys(['gcs_to_bigquery']) retrieved from /opt/airflow/dags/gcs_bigquery.py
[2025-03-18T04:14:38.170+0000] {logging_mixin.py:151} INFO - [2025-03-18T04:14:38.169+0000] {dag.py:2915} INFO - Sync 1 DAGs
[2025-03-18T04:14:38.188+0000] {logging_mixin.py:151} INFO - [2025-03-18T04:14:38.188+0000] {dag.py:3696} INFO - Setting next_dagrun for gcs_to_bigquery to 2025-03-18T00:00:00+00:00, run_after=2025-03-19T00:00:00+00:00
[2025-03-18T04:14:38.211+0000] {processor.py:179} INFO - Processing /opt/airflow/dags/gcs_bigquery.py took 0.085 seconds
[2025-03-18T04:15:08.702+0000] {processor.py:157} INFO - Started process (PID=392) to work on /opt/airflow/dags/gcs_bigquery.py
[2025-03-18T04:15:08.702+0000] {processor.py:829} INFO - Processing file /opt/airflow/dags/gcs_bigquery.py for tasks to queue
[2025-03-18T04:15:08.704+0000] {logging_mixin.py:151} INFO - [2025-03-18T04:15:08.704+0000] {dagbag.py:539} INFO - Filling up the DagBag from /opt/airflow/dags/gcs_bigquery.py
[2025-03-18T04:15:08.717+0000] {processor.py:839} INFO - DAG(s) dict_keys(['gcs_to_bigquery']) retrieved from /opt/airflow/dags/gcs_bigquery.py
[2025-03-18T04:15:08.744+0000] {logging_mixin.py:151} INFO - [2025-03-18T04:15:08.743+0000] {dag.py:2915} INFO - Sync 1 DAGs
[2025-03-18T04:15:08.765+0000] {logging_mixin.py:151} INFO - [2025-03-18T04:15:08.765+0000] {dag.py:3696} INFO - Setting next_dagrun for gcs_to_bigquery to 2025-03-18T00:00:00+00:00, run_after=2025-03-19T00:00:00+00:00
[2025-03-18T04:15:08.788+0000] {processor.py:179} INFO - Processing /opt/airflow/dags/gcs_bigquery.py took 0.088 seconds
[2025-03-18T04:15:39.348+0000] {processor.py:157} INFO - Started process (PID=397) to work on /opt/airflow/dags/gcs_bigquery.py
[2025-03-18T04:15:39.351+0000] {processor.py:829} INFO - Processing file /opt/airflow/dags/gcs_bigquery.py for tasks to queue
[2025-03-18T04:15:39.353+0000] {logging_mixin.py:151} INFO - [2025-03-18T04:15:39.353+0000] {dagbag.py:539} INFO - Filling up the DagBag from /opt/airflow/dags/gcs_bigquery.py
[2025-03-18T04:15:39.366+0000] {processor.py:839} INFO - DAG(s) dict_keys(['gcs_to_bigquery']) retrieved from /opt/airflow/dags/gcs_bigquery.py
[2025-03-18T04:15:39.392+0000] {logging_mixin.py:151} INFO - [2025-03-18T04:15:39.392+0000] {dag.py:2915} INFO - Sync 1 DAGs
[2025-03-18T04:15:39.564+0000] {logging_mixin.py:151} INFO - [2025-03-18T04:15:39.564+0000] {dag.py:3696} INFO - Setting next_dagrun for gcs_to_bigquery to 2025-03-18T00:00:00+00:00, run_after=2025-03-19T00:00:00+00:00
[2025-03-18T04:15:39.586+0000] {processor.py:179} INFO - Processing /opt/airflow/dags/gcs_bigquery.py took 0.241 seconds
[2025-03-18T04:16:09.871+0000] {processor.py:157} INFO - Started process (PID=402) to work on /opt/airflow/dags/gcs_bigquery.py
[2025-03-18T04:16:09.874+0000] {processor.py:829} INFO - Processing file /opt/airflow/dags/gcs_bigquery.py for tasks to queue
[2025-03-18T04:16:09.876+0000] {logging_mixin.py:151} INFO - [2025-03-18T04:16:09.876+0000] {dagbag.py:539} INFO - Filling up the DagBag from /opt/airflow/dags/gcs_bigquery.py
[2025-03-18T04:16:09.888+0000] {processor.py:839} INFO - DAG(s) dict_keys(['gcs_to_bigquery']) retrieved from /opt/airflow/dags/gcs_bigquery.py
[2025-03-18T04:16:09.913+0000] {logging_mixin.py:151} INFO - [2025-03-18T04:16:09.912+0000] {dag.py:2915} INFO - Sync 1 DAGs
[2025-03-18T04:16:09.931+0000] {logging_mixin.py:151} INFO - [2025-03-18T04:16:09.931+0000] {dag.py:3696} INFO - Setting next_dagrun for gcs_to_bigquery to 2025-03-18T00:00:00+00:00, run_after=2025-03-19T00:00:00+00:00
[2025-03-18T04:16:09.949+0000] {processor.py:179} INFO - Processing /opt/airflow/dags/gcs_bigquery.py took 0.081 seconds
[2025-03-18T04:16:40.403+0000] {processor.py:157} INFO - Started process (PID=407) to work on /opt/airflow/dags/gcs_bigquery.py
[2025-03-18T04:16:40.404+0000] {processor.py:829} INFO - Processing file /opt/airflow/dags/gcs_bigquery.py for tasks to queue
[2025-03-18T04:16:40.406+0000] {logging_mixin.py:151} INFO - [2025-03-18T04:16:40.406+0000] {dagbag.py:539} INFO - Filling up the DagBag from /opt/airflow/dags/gcs_bigquery.py
[2025-03-18T04:16:40.419+0000] {processor.py:839} INFO - DAG(s) dict_keys(['gcs_to_bigquery']) retrieved from /opt/airflow/dags/gcs_bigquery.py
[2025-03-18T04:16:40.445+0000] {logging_mixin.py:151} INFO - [2025-03-18T04:16:40.444+0000] {dag.py:2915} INFO - Sync 1 DAGs
[2025-03-18T04:16:40.463+0000] {logging_mixin.py:151} INFO - [2025-03-18T04:16:40.463+0000] {dag.py:3696} INFO - Setting next_dagrun for gcs_to_bigquery to 2025-03-18T00:00:00+00:00, run_after=2025-03-19T00:00:00+00:00
[2025-03-18T04:16:40.481+0000] {processor.py:179} INFO - Processing /opt/airflow/dags/gcs_bigquery.py took 0.080 seconds
[2025-03-18T04:17:11.070+0000] {processor.py:157} INFO - Started process (PID=412) to work on /opt/airflow/dags/gcs_bigquery.py
[2025-03-18T04:17:11.072+0000] {processor.py:829} INFO - Processing file /opt/airflow/dags/gcs_bigquery.py for tasks to queue
[2025-03-18T04:17:11.074+0000] {logging_mixin.py:151} INFO - [2025-03-18T04:17:11.074+0000] {dagbag.py:539} INFO - Filling up the DagBag from /opt/airflow/dags/gcs_bigquery.py
[2025-03-18T04:17:11.089+0000] {processor.py:839} INFO - DAG(s) dict_keys(['gcs_to_bigquery']) retrieved from /opt/airflow/dags/gcs_bigquery.py
[2025-03-18T04:17:11.113+0000] {logging_mixin.py:151} INFO - [2025-03-18T04:17:11.112+0000] {dag.py:2915} INFO - Sync 1 DAGs
[2025-03-18T04:17:11.131+0000] {logging_mixin.py:151} INFO - [2025-03-18T04:17:11.131+0000] {dag.py:3696} INFO - Setting next_dagrun for gcs_to_bigquery to 2025-03-18T00:00:00+00:00, run_after=2025-03-19T00:00:00+00:00
[2025-03-18T04:17:11.152+0000] {processor.py:179} INFO - Processing /opt/airflow/dags/gcs_bigquery.py took 0.086 seconds
[2025-03-18T04:17:41.640+0000] {processor.py:157} INFO - Started process (PID=417) to work on /opt/airflow/dags/gcs_bigquery.py
[2025-03-18T04:17:41.641+0000] {processor.py:829} INFO - Processing file /opt/airflow/dags/gcs_bigquery.py for tasks to queue
[2025-03-18T04:17:41.644+0000] {logging_mixin.py:151} INFO - [2025-03-18T04:17:41.644+0000] {dagbag.py:539} INFO - Filling up the DagBag from /opt/airflow/dags/gcs_bigquery.py
[2025-03-18T04:17:41.663+0000] {processor.py:839} INFO - DAG(s) dict_keys(['gcs_to_bigquery']) retrieved from /opt/airflow/dags/gcs_bigquery.py
[2025-03-18T04:17:41.697+0000] {logging_mixin.py:151} INFO - [2025-03-18T04:17:41.696+0000] {dag.py:2915} INFO - Sync 1 DAGs
[2025-03-18T04:17:41.727+0000] {logging_mixin.py:151} INFO - [2025-03-18T04:17:41.727+0000] {dag.py:3696} INFO - Setting next_dagrun for gcs_to_bigquery to 2025-03-18T00:00:00+00:00, run_after=2025-03-19T00:00:00+00:00
[2025-03-18T04:17:41.753+0000] {processor.py:179} INFO - Processing /opt/airflow/dags/gcs_bigquery.py took 0.117 seconds
[2025-03-18T04:18:12.336+0000] {processor.py:157} INFO - Started process (PID=422) to work on /opt/airflow/dags/gcs_bigquery.py
[2025-03-18T04:18:12.336+0000] {processor.py:829} INFO - Processing file /opt/airflow/dags/gcs_bigquery.py for tasks to queue
[2025-03-18T04:18:12.339+0000] {logging_mixin.py:151} INFO - [2025-03-18T04:18:12.338+0000] {dagbag.py:539} INFO - Filling up the DagBag from /opt/airflow/dags/gcs_bigquery.py
[2025-03-18T04:18:12.351+0000] {processor.py:839} INFO - DAG(s) dict_keys(['gcs_to_bigquery']) retrieved from /opt/airflow/dags/gcs_bigquery.py
[2025-03-18T04:18:12.377+0000] {logging_mixin.py:151} INFO - [2025-03-18T04:18:12.376+0000] {dag.py:2915} INFO - Sync 1 DAGs
[2025-03-18T04:18:12.394+0000] {logging_mixin.py:151} INFO - [2025-03-18T04:18:12.394+0000] {dag.py:3696} INFO - Setting next_dagrun for gcs_to_bigquery to 2025-03-18T00:00:00+00:00, run_after=2025-03-19T00:00:00+00:00
[2025-03-18T04:18:12.419+0000] {processor.py:179} INFO - Processing /opt/airflow/dags/gcs_bigquery.py took 0.086 seconds
[2025-03-18T04:18:42.995+0000] {processor.py:157} INFO - Started process (PID=427) to work on /opt/airflow/dags/gcs_bigquery.py
[2025-03-18T04:18:42.996+0000] {processor.py:829} INFO - Processing file /opt/airflow/dags/gcs_bigquery.py for tasks to queue
[2025-03-18T04:18:42.998+0000] {logging_mixin.py:151} INFO - [2025-03-18T04:18:42.998+0000] {dagbag.py:539} INFO - Filling up the DagBag from /opt/airflow/dags/gcs_bigquery.py
[2025-03-18T04:18:43.011+0000] {processor.py:839} INFO - DAG(s) dict_keys(['gcs_to_bigquery']) retrieved from /opt/airflow/dags/gcs_bigquery.py
[2025-03-18T04:18:43.038+0000] {logging_mixin.py:151} INFO - [2025-03-18T04:18:43.037+0000] {dag.py:2915} INFO - Sync 1 DAGs
[2025-03-18T04:18:43.196+0000] {logging_mixin.py:151} INFO - [2025-03-18T04:18:43.196+0000] {dag.py:3696} INFO - Setting next_dagrun for gcs_to_bigquery to 2025-03-18T00:00:00+00:00, run_after=2025-03-19T00:00:00+00:00
[2025-03-18T04:18:43.213+0000] {processor.py:179} INFO - Processing /opt/airflow/dags/gcs_bigquery.py took 0.221 seconds
[2025-03-18T04:19:13.715+0000] {processor.py:157} INFO - Started process (PID=432) to work on /opt/airflow/dags/gcs_bigquery.py
[2025-03-18T04:19:13.716+0000] {processor.py:829} INFO - Processing file /opt/airflow/dags/gcs_bigquery.py for tasks to queue
[2025-03-18T04:19:13.718+0000] {logging_mixin.py:151} INFO - [2025-03-18T04:19:13.718+0000] {dagbag.py:539} INFO - Filling up the DagBag from /opt/airflow/dags/gcs_bigquery.py
[2025-03-18T04:19:13.731+0000] {processor.py:839} INFO - DAG(s) dict_keys(['gcs_to_bigquery']) retrieved from /opt/airflow/dags/gcs_bigquery.py
[2025-03-18T04:19:13.756+0000] {logging_mixin.py:151} INFO - [2025-03-18T04:19:13.756+0000] {dag.py:2915} INFO - Sync 1 DAGs
[2025-03-18T04:19:13.776+0000] {logging_mixin.py:151} INFO - [2025-03-18T04:19:13.775+0000] {dag.py:3696} INFO - Setting next_dagrun for gcs_to_bigquery to 2025-03-18T00:00:00+00:00, run_after=2025-03-19T00:00:00+00:00
[2025-03-18T04:19:13.792+0000] {processor.py:179} INFO - Processing /opt/airflow/dags/gcs_bigquery.py took 0.080 seconds
[2025-03-18T04:19:44.352+0000] {processor.py:157} INFO - Started process (PID=437) to work on /opt/airflow/dags/gcs_bigquery.py
[2025-03-18T04:19:44.355+0000] {processor.py:829} INFO - Processing file /opt/airflow/dags/gcs_bigquery.py for tasks to queue
[2025-03-18T04:19:44.358+0000] {logging_mixin.py:151} INFO - [2025-03-18T04:19:44.357+0000] {dagbag.py:539} INFO - Filling up the DagBag from /opt/airflow/dags/gcs_bigquery.py
[2025-03-18T04:19:44.370+0000] {processor.py:839} INFO - DAG(s) dict_keys(['gcs_to_bigquery']) retrieved from /opt/airflow/dags/gcs_bigquery.py
[2025-03-18T04:19:44.401+0000] {logging_mixin.py:151} INFO - [2025-03-18T04:19:44.401+0000] {dag.py:2915} INFO - Sync 1 DAGs
[2025-03-18T04:19:44.436+0000] {logging_mixin.py:151} INFO - [2025-03-18T04:19:44.436+0000] {dag.py:3696} INFO - Setting next_dagrun for gcs_to_bigquery to 2025-03-18T00:00:00+00:00, run_after=2025-03-19T00:00:00+00:00
[2025-03-18T04:19:44.463+0000] {processor.py:179} INFO - Processing /opt/airflow/dags/gcs_bigquery.py took 0.114 seconds
[2025-03-18T04:20:14.607+0000] {processor.py:157} INFO - Started process (PID=442) to work on /opt/airflow/dags/gcs_bigquery.py
[2025-03-18T04:20:14.608+0000] {processor.py:829} INFO - Processing file /opt/airflow/dags/gcs_bigquery.py for tasks to queue
[2025-03-18T04:20:14.610+0000] {logging_mixin.py:151} INFO - [2025-03-18T04:20:14.610+0000] {dagbag.py:539} INFO - Filling up the DagBag from /opt/airflow/dags/gcs_bigquery.py
[2025-03-18T04:20:14.626+0000] {processor.py:839} INFO - DAG(s) dict_keys(['gcs_to_bigquery']) retrieved from /opt/airflow/dags/gcs_bigquery.py
[2025-03-18T04:20:14.655+0000] {logging_mixin.py:151} INFO - [2025-03-18T04:20:14.654+0000] {dag.py:2915} INFO - Sync 1 DAGs
[2025-03-18T04:20:14.673+0000] {logging_mixin.py:151} INFO - [2025-03-18T04:20:14.673+0000] {dag.py:3696} INFO - Setting next_dagrun for gcs_to_bigquery to 2025-03-18T00:00:00+00:00, run_after=2025-03-19T00:00:00+00:00
[2025-03-18T04:20:14.694+0000] {processor.py:179} INFO - Processing /opt/airflow/dags/gcs_bigquery.py took 0.090 seconds
[2025-03-18T04:20:45.264+0000] {processor.py:157} INFO - Started process (PID=447) to work on /opt/airflow/dags/gcs_bigquery.py
[2025-03-18T04:20:45.267+0000] {processor.py:829} INFO - Processing file /opt/airflow/dags/gcs_bigquery.py for tasks to queue
[2025-03-18T04:20:45.269+0000] {logging_mixin.py:151} INFO - [2025-03-18T04:20:45.269+0000] {dagbag.py:539} INFO - Filling up the DagBag from /opt/airflow/dags/gcs_bigquery.py
[2025-03-18T04:20:45.281+0000] {processor.py:839} INFO - DAG(s) dict_keys(['gcs_to_bigquery']) retrieved from /opt/airflow/dags/gcs_bigquery.py
[2025-03-18T04:20:45.307+0000] {logging_mixin.py:151} INFO - [2025-03-18T04:20:45.306+0000] {dag.py:2915} INFO - Sync 1 DAGs
[2025-03-18T04:20:45.334+0000] {logging_mixin.py:151} INFO - [2025-03-18T04:20:45.334+0000] {dag.py:3696} INFO - Setting next_dagrun for gcs_to_bigquery to 2025-03-18T00:00:00+00:00, run_after=2025-03-19T00:00:00+00:00
[2025-03-18T04:20:45.356+0000] {processor.py:179} INFO - Processing /opt/airflow/dags/gcs_bigquery.py took 0.094 seconds
[2025-03-18T04:21:15.908+0000] {processor.py:157} INFO - Started process (PID=452) to work on /opt/airflow/dags/gcs_bigquery.py
[2025-03-18T04:21:15.909+0000] {processor.py:829} INFO - Processing file /opt/airflow/dags/gcs_bigquery.py for tasks to queue
[2025-03-18T04:21:15.911+0000] {logging_mixin.py:151} INFO - [2025-03-18T04:21:15.911+0000] {dagbag.py:539} INFO - Filling up the DagBag from /opt/airflow/dags/gcs_bigquery.py
[2025-03-18T04:21:15.925+0000] {processor.py:839} INFO - DAG(s) dict_keys(['gcs_to_bigquery']) retrieved from /opt/airflow/dags/gcs_bigquery.py
[2025-03-18T04:21:15.950+0000] {logging_mixin.py:151} INFO - [2025-03-18T04:21:15.950+0000] {dag.py:2915} INFO - Sync 1 DAGs
[2025-03-18T04:21:15.972+0000] {logging_mixin.py:151} INFO - [2025-03-18T04:21:15.972+0000] {dag.py:3696} INFO - Setting next_dagrun for gcs_to_bigquery to 2025-03-18T00:00:00+00:00, run_after=2025-03-19T00:00:00+00:00
[2025-03-18T04:21:15.994+0000] {processor.py:179} INFO - Processing /opt/airflow/dags/gcs_bigquery.py took 0.089 seconds
[2025-03-18T04:21:46.515+0000] {processor.py:157} INFO - Started process (PID=457) to work on /opt/airflow/dags/gcs_bigquery.py
[2025-03-18T04:21:46.518+0000] {processor.py:829} INFO - Processing file /opt/airflow/dags/gcs_bigquery.py for tasks to queue
[2025-03-18T04:21:46.520+0000] {logging_mixin.py:151} INFO - [2025-03-18T04:21:46.519+0000] {dagbag.py:539} INFO - Filling up the DagBag from /opt/airflow/dags/gcs_bigquery.py
[2025-03-18T04:21:46.533+0000] {processor.py:839} INFO - DAG(s) dict_keys(['gcs_to_bigquery']) retrieved from /opt/airflow/dags/gcs_bigquery.py
[2025-03-18T04:21:46.559+0000] {logging_mixin.py:151} INFO - [2025-03-18T04:21:46.558+0000] {dag.py:2915} INFO - Sync 1 DAGs
[2025-03-18T04:21:46.712+0000] {logging_mixin.py:151} INFO - [2025-03-18T04:21:46.712+0000] {dag.py:3696} INFO - Setting next_dagrun for gcs_to_bigquery to 2025-03-18T00:00:00+00:00, run_after=2025-03-19T00:00:00+00:00
[2025-03-18T04:21:46.729+0000] {processor.py:179} INFO - Processing /opt/airflow/dags/gcs_bigquery.py took 0.217 seconds
[2025-03-18T04:22:17.105+0000] {processor.py:157} INFO - Started process (PID=462) to work on /opt/airflow/dags/gcs_bigquery.py
[2025-03-18T04:22:17.106+0000] {processor.py:829} INFO - Processing file /opt/airflow/dags/gcs_bigquery.py for tasks to queue
[2025-03-18T04:22:17.108+0000] {logging_mixin.py:151} INFO - [2025-03-18T04:22:17.108+0000] {dagbag.py:539} INFO - Filling up the DagBag from /opt/airflow/dags/gcs_bigquery.py
[2025-03-18T04:22:17.121+0000] {processor.py:839} INFO - DAG(s) dict_keys(['gcs_to_bigquery']) retrieved from /opt/airflow/dags/gcs_bigquery.py
[2025-03-18T04:22:17.149+0000] {logging_mixin.py:151} INFO - [2025-03-18T04:22:17.148+0000] {dag.py:2915} INFO - Sync 1 DAGs
[2025-03-18T04:22:17.169+0000] {logging_mixin.py:151} INFO - [2025-03-18T04:22:17.169+0000] {dag.py:3696} INFO - Setting next_dagrun for gcs_to_bigquery to 2025-03-18T00:00:00+00:00, run_after=2025-03-19T00:00:00+00:00
[2025-03-18T04:22:17.191+0000] {processor.py:179} INFO - Processing /opt/airflow/dags/gcs_bigquery.py took 0.088 seconds
[2025-03-18T04:22:47.634+0000] {processor.py:157} INFO - Started process (PID=467) to work on /opt/airflow/dags/gcs_bigquery.py
[2025-03-18T04:22:47.635+0000] {processor.py:829} INFO - Processing file /opt/airflow/dags/gcs_bigquery.py for tasks to queue
[2025-03-18T04:22:47.638+0000] {logging_mixin.py:151} INFO - [2025-03-18T04:22:47.638+0000] {dagbag.py:539} INFO - Filling up the DagBag from /opt/airflow/dags/gcs_bigquery.py
[2025-03-18T04:22:47.650+0000] {processor.py:839} INFO - DAG(s) dict_keys(['gcs_to_bigquery']) retrieved from /opt/airflow/dags/gcs_bigquery.py
[2025-03-18T04:22:47.674+0000] {logging_mixin.py:151} INFO - [2025-03-18T04:22:47.674+0000] {dag.py:2915} INFO - Sync 1 DAGs
[2025-03-18T04:22:47.692+0000] {logging_mixin.py:151} INFO - [2025-03-18T04:22:47.692+0000] {dag.py:3696} INFO - Setting next_dagrun for gcs_to_bigquery to 2025-03-18T00:00:00+00:00, run_after=2025-03-19T00:00:00+00:00
[2025-03-18T04:22:47.713+0000] {processor.py:179} INFO - Processing /opt/airflow/dags/gcs_bigquery.py took 0.082 seconds
[2025-03-18T04:23:18.308+0000] {processor.py:157} INFO - Started process (PID=472) to work on /opt/airflow/dags/gcs_bigquery.py
[2025-03-18T04:23:18.310+0000] {processor.py:829} INFO - Processing file /opt/airflow/dags/gcs_bigquery.py for tasks to queue
[2025-03-18T04:23:18.312+0000] {logging_mixin.py:151} INFO - [2025-03-18T04:23:18.312+0000] {dagbag.py:539} INFO - Filling up the DagBag from /opt/airflow/dags/gcs_bigquery.py
[2025-03-18T04:23:18.325+0000] {processor.py:839} INFO - DAG(s) dict_keys(['gcs_to_bigquery']) retrieved from /opt/airflow/dags/gcs_bigquery.py
[2025-03-18T04:23:18.357+0000] {logging_mixin.py:151} INFO - [2025-03-18T04:23:18.356+0000] {dag.py:2915} INFO - Sync 1 DAGs
[2025-03-18T04:23:18.377+0000] {logging_mixin.py:151} INFO - [2025-03-18T04:23:18.377+0000] {dag.py:3696} INFO - Setting next_dagrun for gcs_to_bigquery to 2025-03-18T00:00:00+00:00, run_after=2025-03-19T00:00:00+00:00
[2025-03-18T04:23:18.402+0000] {processor.py:179} INFO - Processing /opt/airflow/dags/gcs_bigquery.py took 0.096 seconds
[2025-03-18T04:23:48.719+0000] {processor.py:157} INFO - Started process (PID=477) to work on /opt/airflow/dags/gcs_bigquery.py
[2025-03-18T04:23:48.723+0000] {processor.py:829} INFO - Processing file /opt/airflow/dags/gcs_bigquery.py for tasks to queue
[2025-03-18T04:23:48.726+0000] {logging_mixin.py:151} INFO - [2025-03-18T04:23:48.725+0000] {dagbag.py:539} INFO - Filling up the DagBag from /opt/airflow/dags/gcs_bigquery.py
[2025-03-18T04:23:48.740+0000] {processor.py:839} INFO - DAG(s) dict_keys(['gcs_to_bigquery']) retrieved from /opt/airflow/dags/gcs_bigquery.py
[2025-03-18T04:23:48.767+0000] {logging_mixin.py:151} INFO - [2025-03-18T04:23:48.766+0000] {dag.py:2915} INFO - Sync 1 DAGs
[2025-03-18T04:23:48.786+0000] {logging_mixin.py:151} INFO - [2025-03-18T04:23:48.786+0000] {dag.py:3696} INFO - Setting next_dagrun for gcs_to_bigquery to 2025-03-18T00:00:00+00:00, run_after=2025-03-19T00:00:00+00:00
[2025-03-18T04:23:48.807+0000] {processor.py:179} INFO - Processing /opt/airflow/dags/gcs_bigquery.py took 0.091 seconds
